Archive member included because of file (symbol)

/opt/microchip/xc32/v2.05/bin/bin/../../lib/gcc/pic32mx/4.8.3/../../../../pic32mx/lib/libmchp_peripheral_32MX370F512H.a(pcache.o)
                              build/default/debug/src/hw.o (CheKseg0CacheOn)
/opt/microchip/xc32/v2.05/bin/bin/../../lib/gcc/pic32mx/4.8.3/../../../../pic32mx/lib/libmchp_peripheral_32MX370F512H.a(int_disable_interrupts_lib.o)
                              build/default/debug/src/hw.o (INTDisableInterrupts)
/opt/microchip/xc32/v2.05/bin/bin/../../lib/gcc/pic32mx/4.8.3/../../../../pic32mx/lib/libmchp_peripheral_32MX370F512H.a(int_restore_interrupts_lib.o)
                              build/default/debug/src/hw.o (INTRestoreInterrupts)
/opt/microchip/xc32/v2.05/bin/bin/../../lib/gcc/pic32mx/4.8.3/../../../../pic32mx/lib/libmchp_peripheral_32MX370F512H.a(int_enable_mv_int_lib.o)
                              build/default/debug/src/hw.o (INTEnableSystemMultiVectoredInt)
/opt/microchip/xc32/v2.05/bin/bin/../../lib/gcc/pic32mx/4.8.3/../../../../pic32mx/lib/libmchp_peripheral_32MX370F512H.a(int_enable_interrupts_lib.o)
                              /opt/microchip/xc32/v2.05/bin/bin/../../lib/gcc/pic32mx/4.8.3/../../../../pic32mx/lib/libmchp_peripheral_32MX370F512H.a(int_enable_mv_int_lib.o) (INTEnableInterrupts)
/opt/microchip/xc32/v2.05/bin/bin/../../lib/gcc/pic32mx/4.8.3/../../../../pic32mx/lib/libpic32.a(setjmp.o)
                              build/default/debug/src/badge.o (setjmp)
/opt/microchip/xc32/v2.05/bin/bin/../../lib/gcc/pic32mx/4.8.3/../../../../pic32mx/lib/libpic32.a(memcpy.o)
                              build/default/debug/src/basic/tokenizer.o (memcpy)
/opt/microchip/xc32/v2.05/bin/bin/../../lib/gcc/pic32mx/4.8.3/../../../../pic32mx/lib/libpic32.a(memset.o)
                              build/default/debug/src/vt100.o (memset)
/opt/microchip/xc32/v2.05/bin/bin/../../lib/gcc/pic32mx/4.8.3/../../../../pic32mx/lib/libpic32.a(strcmp.o)
                              build/default/debug/src/badge.o (strcmp)
/opt/microchip/xc32/v2.05/bin/bin/../../lib/gcc/pic32mx/4.8.3/../../../../pic32mx/lib/libpic32.a(strcpy.o)
                              build/default/debug/src/basic/ubasic.o (strcpy)
/opt/microchip/xc32/v2.05/bin/bin/../../lib/gcc/pic32mx/4.8.3/../../../../pic32mx/lib/libpic32.a(strlen.o)
                              build/default/debug/src/basic/tokenizer.o (strlen)
/opt/microchip/xc32/v2.05/bin/bin/../../lib/gcc/pic32mx/4.8.3/../../../../pic32mx/lib/libpic32.a(default-bootstrap-exception-handler.o)
                              /opt/microchip/xc32/v2.05/bin/bin/../../lib/gcc/pic32mx/4.8.3/../../../../pic32mx/lib/./proc/32MX370F512H/crt0_mips32r2.o (_bootstrap_exception_handler)
/opt/microchip/xc32/v2.05/bin/bin/../../lib/gcc/pic32mx/4.8.3/../../../../pic32mx/lib/libpic32.a(default-on-reset.o)
                              /opt/microchip/xc32/v2.05/bin/bin/../../lib/gcc/pic32mx/4.8.3/../../../../pic32mx/lib/./proc/32MX370F512H/crt0_mips32r2.o (_on_reset)
/opt/microchip/xc32/v2.05/bin/bin/../../lib/gcc/pic32mx/4.8.3/../../../../pic32mx/lib/libpic32.a(default-on-bootstrap.o)
                              /opt/microchip/xc32/v2.05/bin/bin/../../lib/gcc/pic32mx/4.8.3/../../../../pic32mx/lib/./proc/32MX370F512H/crt0_mips32r2.o (_on_bootstrap)
/opt/microchip/xc32/v2.05/bin/bin/../../lib/gcc/pic32mx/4.8.3/../../../../pic32mx/lib/libpic32.a(default-nmi-handler.o)
                              /opt/microchip/xc32/v2.05/bin/bin/../../lib/gcc/pic32mx/4.8.3/../../../../pic32mx/lib/./proc/32MX370F512H/crt0_mips32r2.o (_nmi_handler)
/opt/microchip/xc32/v2.05/bin/bin/../../lib/gcc/pic32mx/4.8.3/../../../../pic32mx/lib/libpic32.a(general-exception.o)
                              /opt/microchip/xc32/v2.05/bin/bin/../../lib/gcc/pic32mx/4.8.3/../../../../pic32mx/lib/./proc/32MX370F512H/crt0_mips32r2.o (_general_exception_context)
/opt/microchip/xc32/v2.05/bin/bin/../../lib/gcc/pic32mx/4.8.3/../../../../pic32mx/lib/libpic32.a(vector0.o)
                              /opt/microchip/xc32/v2.05/bin/bin/../../lib/gcc/pic32mx/4.8.3/../../../../pic32mx/lib/./proc/32MX370F512H/default_isr_vectors.o (__vector_dispatch_0)
/opt/microchip/xc32/v2.05/bin/bin/../../lib/gcc/pic32mx/4.8.3/../../../../pic32mx/lib/libpic32.a(vector1.o)
                              /opt/microchip/xc32/v2.05/bin/bin/../../lib/gcc/pic32mx/4.8.3/../../../../pic32mx/lib/./proc/32MX370F512H/default_isr_vectors.o (__vector_dispatch_1)
/opt/microchip/xc32/v2.05/bin/bin/../../lib/gcc/pic32mx/4.8.3/../../../../pic32mx/lib/libpic32.a(vector2.o)
                              /opt/microchip/xc32/v2.05/bin/bin/../../lib/gcc/pic32mx/4.8.3/../../../../pic32mx/lib/./proc/32MX370F512H/default_isr_vectors.o (__vector_dispatch_2)
/opt/microchip/xc32/v2.05/bin/bin/../../lib/gcc/pic32mx/4.8.3/../../../../pic32mx/lib/libpic32.a(vector3.o)
[...]
Memory Configuration

Name             Origin             Length             Attributes
kseg0_data_mem   0x80000000         0x00000200
kseg1_data_mem   0xa0000000         0x00020000         w !x
kseg0_boot_mem   0x9fc00490         0x00000970
kseg1_boot_mem   0xbfc00000         0x00000490
kseg0_program_mem 0x9d000000         0x00080000         xr
exception_mem    0x9fc01000         0x00001000
debug_exec_mem   0xbfc02000         0x00000ff0
config3          0xbfc02ff0         0x00000004
config2          0xbfc02ff4         0x00000004
config1          0xbfc02ff8         0x00000004
config0          0xbfc02ffc         0x00000004
sfrs             0xbf800000         0x00100000
configsfrs       0xbfc02ff0         0x00000010
*default*        0x00000000         0xffffffff

Linker script and memory map


reserve_data_0_kseg0
                0x80000000      0x200
                0x80000000        0x2 SHORT 0x0
                0x000001fd                . = 0x1fd
 *fill*         0x80000002      0x1fb 
                0x80000200                . = ALIGN (0x4)
 *fill*         0x800001fd        0x3 

reserve_data_0_kseg1
                0xa0000000      0x200
                0xa0000000        0x2 SHORT 0x0
                0x000001fd                . = 0x1fd
 *fill*         0xa0000002      0x1fb 
                0xa0000200                . = ALIGN (0x4)
 *fill*         0xa00001fd        0x3 

reserve_boot_0x1fc02000_kseg0
                0x9fc02000      0xff0
                0x9fc02000        0x2 SHORT 0x0
                0x00000760                . = 0x760
 *fill*         0x9fc02002      0x75e 
                0x9fc02760                . = ALIGN (0x4)
                0x9fc02760        0x2 SHORT 0x0
                0x00000ff0                . = 0xff0
 *fill*         0x9fc02762      0x88e 
                0x9fc02ff0                . = ALIGN (0x4)

reserve_boot_0x1fc02000_kseg1
                0xbfc02000      0xff0
                0xbfc02000        0x2 SHORT 0x0
                0x00000760                . = 0x760
 *fill*         0xbfc02002      0x75e 
                0xbfc02760                . = ALIGN (0x4)
                0xbfc02760        0x2 SHORT 0x0
                0x00000ff0                . = 0xff0
 *fill*         0xbfc02762      0x88e 
                0xbfc02ff0                . = ALIGN (0x4)
LOAD /opt/microchip/xc32/v2.05/bin/bin/../../lib/gcc/pic32mx/4.8.3/../../../../pic32mx/lib/./proc/32MX370F512H/crt0_mips32r2.o
LOAD /opt/microchip/xc32/v2.05/bin/bin/../../lib/gcc/pic32mx/4.8.3/../../../../pic32mx/lib/software-debug-break.o
LOAD build/default/debug/src/basic/tokenizer.o
LOAD build/default/debug/src/basic/ubasic.o
LOAD build/default/debug/src/Z80/hwz.o
LOAD build/default/debug/src/Z80/iosim.o
LOAD build/default/debug/src/Z80/sim1.o
LOAD build/default/debug/src/Z80/sim2.o
LOAD build/default/debug/src/Z80/sim3.o
LOAD build/default/debug/src/Z80/sim4.o
LOAD build/default/debug/src/Z80/sim5.o
LOAD build/default/debug/src/Z80/sim6.o
LOAD build/default/debug/src/Z80/sim7.o
LOAD build/default/debug/src/Z80/simfun.o
LOAD build/default/debug/src/Z80/simglb.o
LOAD build/default/debug/src/disp.o
LOAD build/default/debug/src/hw.o
LOAD build/default/debug/src/images.o
LOAD build/default/debug/src/vt100.o
LOAD build/default/debug/src/main.o
LOAD build/default/debug/src/splash.o
LOAD build/default/debug/src/tetrapuzz.o
LOAD build/default/debug/src/box_game.o
LOAD build/default/debug/src/tune_player.o
LOAD build/default/debug/src/post.o
LOAD build/default/debug/src/snake.o
LOAD build/default/debug/src/user_program.o
LOAD build/default/debug/src/badge.o
                0x00000001                __MPLAB_BUILD = 0x1
                0x00000001                __MPLAB_DEBUG = 0x1
                0x00000001                __DEBUG = 0x1
                0x00000001                pk4hybrid = 0x1
                0x00000080                _min_heap_size = 0x80
                0x00000080                _min_stack_size = 0x80
LOAD /opt/microchip/xc32/v2.05/bin/bin/../../lib/gcc/pic32mx/4.8.3/../../../../pic32mx/lib/./proc/32MX370F512H/default_isr_vectors.o
LOAD /opt/microchip/xc32/v2.05/bin/bin/../../lib/gcc/pic32mx/4.8.3/../../../../pic32mx/lib/pic32_software_reset.o
                0x00000400                PROVIDE (_min_stack_size, 0x400)
LOAD /opt/microchip/xc32/v2.05/bin/bin/../../lib/gcc/pic32mx/4.8.3/../../../../pic32mx/lib/./proc/32MX370F512H/processor.o
START GROUP
LOAD /opt/microchip/xc32/v2.05/bin/bin/../../lib/gcc/pic32mx/4.8.3/../../../../pic32mx/lib/libmchp_peripheral.a
END GROUP
START GROUP
LOAD /opt/microchip/xc32/v2.05/bin/bin/../../lib/gcc/pic32mx/4.8.3/../../../../pic32mx/lib/libmchp_peripheral_32MX370F512H.a
END GROUP
                0x00000001                PROVIDE (_vector_spacing, 0x1)
                0x9fc01000                PROVIDE (_ebase_address, 0x9fc01000)
                0xbfc00000                _RESET_ADDR = 0xbfc00000
                0xbfc00380                _BEV_EXCPT_ADDR = 0xbfc00380
                0xbfc00480                _DBG_EXCPT_ADDR = 0xbfc00480
                0xbfc02000                _DBG_CODE_ADDR = 0xbfc02000
                0x00000ff0                _DBG_CODE_SIZE = 0xff0
                0x9fc01180                _GEN_EXCPT_ADDR = (_ebase_address + 0x180)

.config_BFC02FF0
                0xbfc02ff0        0x4
 *(.config_BFC02FF0)
 .config_BFC02FF0
                0xbfc02ff0        0x4 build/default/debug/src/hw.o

.config_BFC02FF4
                0xbfc02ff4        0x4
 *(.config_BFC02FF4)
 .config_BFC02FF4
                0xbfc02ff4        0x4 build/default/debug/src/hw.o

.config_BFC02FF8
                0xbfc02ff8        0x4
 *(.config_BFC02FF8)
 .config_BFC02FF8
                0xbfc02ff8        0x4 build/default/debug/src/hw.o

.config_BFC02FFC
                0xbfc02ffc        0x4
 *(.config_BFC02FFC)
 .config_BFC02FFC
                0xbfc02ffc        0x4 build/default/debug/src/hw.o
                0xbfc02000                PROVIDE (_DBG_CODE_ADDR, 0xbfc02000)
                0x00000ff0                PROVIDE (_DBG_CODE_SIZE, 0xff0)

.reset          0xbfc00000      0x208
 *(.reset)
 .reset         0xbfc00000        0x8 /opt/microchip/xc32/v2.05/bin/bin/../../lib/gcc/pic32mx/4.8.3/../../../../pic32mx/lib/./proc/32MX370F512H/crt0_mips32r2.o
                0xbfc00000                _reset
 *(.reset.startup)
 .reset.startup
                0xbfc00008      0x200 /opt/microchip/xc32/v2.05/bin/bin/../../lib/gcc/pic32mx/4.8.3/../../../../pic32mx/lib/./proc/32MX370F512H/crt0_mips32r2.o
                0xbfc00008                _startup

.bev_excpt      0xbfc00380       0x10
 *(.bev_handler)
 .bev_handler   0xbfc00380       0x10 /opt/microchip/xc32/v2.05/bin/bin/../../lib/gcc/pic32mx/4.8.3/../../../../pic32mx/lib/./proc/32MX370F512H/crt0_mips32r2.o

.dbg_excpt      0xbfc00480        0x0
                0xbfc00480                . = (. + DEFINED (_DEBUGGER)?0x8:0x0)

.dbg_code       0xbfc02000        0x0
                0xbfc02000                . = (. + DEFINED (_DEBUGGER)?_DBG_CODE_SIZE:0x0)

.app_excpt      0x9fc01180       0x10
 *(.gen_handler)
 .gen_handler   0x9fc01180       0x10 /opt/microchip/xc32/v2.05/bin/bin/../../lib/gcc/pic32mx/4.8.3/../../../../pic32mx/lib/./proc/32MX370F512H/crt0_mips32r2.o

.vector_0       0x9fc01200        0x8
 *(.vector_0)
 .vector_0      0x9fc01200        0x8 /opt/microchip/xc32/v2.05/bin/bin/../../lib/gcc/pic32mx/4.8.3/../../../../pic32mx/lib/libpic32.a(vector0.o)
                0x9fc01200                __vector_dispatch_0
                0x00000001                ASSERT (((_vector_spacing == 0x0) || (SIZEOF (.vector_0) <= (_vector_spacing << 0x5))), function at exception vector 0 too large)

.vector_1       0x9fc01220        0x8
 *(.vector_1)
 .vector_1      0x9fc01220        0x8 /opt/microchip/xc32/v2.05/bin/bin/../../lib/gcc/pic32mx/4.8.3/../../../../pic32mx/lib/libpic32.a(vector1.o)
                0x9fc01220                __vector_dispatch_1
                0x00000001                ASSERT (((_vector_spacing == 0x0) || (SIZEOF (.vector_1) <= (_vector_spacing << 0x5))), function at exception vector 1 too large)

.vector_2       0x9fc01240        0x8
 *(.vector_2)
 .vector_2      0x9fc01240        0x8 /opt/microchip/xc32/v2.05/bin/bin/../../lib/gcc/pic32mx/4.8.3/../../../../pic32mx/lib/libpic32.a(vector2.o)
                0x9fc01240                __vector_dispatch_2
                0x00000001                ASSERT (((_vector_spacing == 0x0) || (SIZEOF (.vector_2) <= (_vector_spacing << 0x5))), function at exception vector 2 too large)

.vector_3       0x9fc01260        0x8
 *(.vector_3)
 .vector_3      0x9fc01260        0x8 /opt/microchip/xc32/v2.05/bin/bin/../../lib/gcc/pic32mx/4.8.3/../../../../pic32mx/lib/libpic32.a(vector3.o)
                0x9fc01260                __vector_dispatch_3
                0x00000001                ASSERT (((_vector_spacing == 0x0) || (SIZEOF (.vector_3) <= (_vector_spacing << 0x5))), function at exception vector 3 too large)

.vector_4       0x9fc01280        0x8
 *(.vector_4)
 .vector_4      0x9fc01280        0x8 build/default/debug/src/badge.o
                0x9fc01280                __vector_dispatch_4
                0x00000001                ASSERT (((_vector_spacing == 0x0) || (SIZEOF (.vector_4) <= (_vector_spacing << 0x5))), function at exception vector 4 too large)

.vector_5       0x9fc012a0        0x8
 *(.vector_5)
 .vector_5      0x9fc012a0        0x8 /opt/microchip/xc32/v2.05/bin/bin/../../lib/gcc/pic32mx/4.8.3/../../../../pic32mx/lib/libpic32.a(vector5.o)
                0x9fc012a0                __vector_dispatch_5
                0x00000001                ASSERT (((_vector_spacing == 0x0) || (SIZEOF (.vector_5) <= (_vector_spacing << 0x5))), function at exception vector 5 too large)

.vector_6       0x9fc012c0        0x8
 *(.vector_6)
 .vector_6      0x9fc012c0        0x8 /opt/microchip/xc32/v2.05/bin/bin/../../lib/gcc/pic32mx/4.8.3/../../../../pic32mx/lib/libpic32.a(vector6.o)
                0x9fc012c0                __vector_dispatch_6
                0x00000001                ASSERT (((_vector_spacing == 0x0) || (SIZEOF (.vector_6) <= (_vector_spacing << 0x5))), function at exception vector 6 too large)

.vector_7       0x9fc012e0        0x8
 *(.vector_7)
 .vector_7      0x9fc012e0        0x8 /opt/microchip/xc32/v2.05/bin/bin/../../lib/gcc/pic32mx/4.8.3/../../../../pic32mx/lib/libpic32.a(vector7.o)
                0x9fc012e0                __vector_dispatch_7
                0x00000001                ASSERT (((_vector_spacing == 0x0) || (SIZEOF (.vector_7) <= (_vector_spacing << 0x5))), function at exception vector 7 too large)

.vector_8       0x9fc01300        0x8
 *(.vector_8)
 .vector_8      0x9fc01300        0x8 build/default/debug/src/hw.o
                0x9fc01300                __vector_dispatch_8
                0x00000001                ASSERT (((_vector_spacing == 0x0) || (SIZEOF (.vector_8) <= (_vector_spacing << 0x5))), function at exception vector 8 too large)

.vector_9       0x9fc01320        0x8
 *(.vector_9)
 .vector_9      0x9fc01320        0x8 /opt/microchip/xc32/v2.05/bin/bin/../../lib/gcc/pic32mx/4.8.3/../../../../pic32mx/lib/libpic32.a(vector9.o)
                0x9fc01320                __vector_dispatch_9
                0x00000001                ASSERT (((_vector_spacing == 0x0) || (SIZEOF (.vector_9) <= (_vector_spacing << 0x5))), function at exception vector 9 too large)

.vector_10      0x9fc01340        0x8
 *(.vector_10)
 .vector_10     0x9fc01340        0x8 /opt/microchip/xc32/v2.05/bin/bin/../../lib/gcc/pic32mx/4.8.3/../../../../pic32mx/lib/libpic32.a(vector10.o)
                0x9fc01340                __vector_dispatch_10
                0x00000001                ASSERT (((_vector_spacing == 0x0) || (SIZEOF (.vector_10) <= (_vector_spacing << 0x5))), function at exception vector 10 too large)

.vector_11      0x9fc01360        0x8
 *(.vector_11)
 .vector_11     0x9fc01360        0x8 build/default/debug/src/badge.o
                0x9fc01360                __vector_dispatch_11
                0x00000001                ASSERT (((_vector_spacing == 0x0) || (SIZEOF (.vector_11) <= (_vector_spacing << 0x5))), function at exception vector 11 too large)

.vector_12      0x9fc01380        0x8
 *(.vector_12)
 .vector_12     0x9fc01380        0x8 build/default/debug/src/hw.o
                0x9fc01380                __vector_dispatch_12
                0x00000001                ASSERT (((_vector_spacing == 0x0) || (SIZEOF (.vector_12) <= (_vector_spacing << 0x5))), function at exception vector 12 too large)

.vector_13      0x9fc013a0        0x8
 *(.vector_13)
 .vector_13     0x9fc013a0        0x8 /opt/microchip/xc32/v2.05/bin/bin/../../lib/gcc/pic32mx/4.8.3/../../../../pic32mx/lib/libpic32.a(vector13.o)
                0x9fc013a0                __vector_dispatch_13
                0x00000001                ASSERT (((_vector_spacing == 0x0) || (SIZEOF (.vector_13) <= (_vector_spacing << 0x5))), function at exception vector 13 too large)

.vector_14      0x9fc013c0        0x8
 *(.vector_14)
 .vector_14     0x9fc013c0        0x8 /opt/microchip/xc32/v2.05/bin/bin/../../lib/gcc/pic32mx/4.8.3/../../../../pic32mx/lib/libpic32.a(vector14.o)
                0x9fc013c0                __vector_dispatch_14
                0x00000001                ASSERT (((_vector_spacing == 0x0) || (SIZEOF (.vector_14) <= (_vector_spacing << 0x5))), function at exception vector 14 too large)

.vector_15      0x9fc013e0        0x8
 *(.vector_15)
 .vector_15     0x9fc013e0        0x8 /opt/microchip/xc32/v2.05/bin/bin/../../lib/gcc/pic32mx/4.8.3/../../../../pic32mx/lib/libpic32.a(vector15.o)
                0x9fc013e0                __vector_dispatch_15
                0x00000001                ASSERT (((_vector_spacing == 0x0) || (SIZEOF (.vector_15) <= (_vector_spacing << 0x5))), function at exception vector 15 too large)

.vector_16      0x9fc01400        0x8
 *(.vector_16)
 .vector_16     0x9fc01400        0x8 build/default/debug/src/hw.o
                0x9fc01400                __vector_dispatch_16
                0x00000001                ASSERT (((_vector_spacing == 0x0) || (SIZEOF (.vector_16) <= (_vector_spacing << 0x5))), function at exception vector 16 too large)

.vector_17      0x9fc01420        0x8
 *(.vector_17)
 .vector_17     0x9fc01420        0x8 /opt/microchip/xc32/v2.05/bin/bin/../../lib/gcc/pic32mx/4.8.3/../../../../pic32mx/lib/libpic32.a(vector17.o)
                0x9fc01420                __vector_dispatch_17
                0x00000001                ASSERT (((_vector_spacing == 0x0) || (SIZEOF (.vector_17) <= (_vector_spacing << 0x5))), function at exception vector 17 too large)

.vector_18      0x9fc01440        0x8
 *(.vector_18)
 .vector_18     0x9fc01440        0x8 /opt/microchip/xc32/v2.05/bin/bin/../../lib/gcc/pic32mx/4.8.3/../../../../pic32mx/lib/libpic32.a(vector18.o)
                0x9fc01440                __vector_dispatch_18
                0x00000001                ASSERT (((_vector_spacing == 0x0) || (SIZEOF (.vector_18) <= (_vector_spacing << 0x5))), function at exception vector 18 too large)

.vector_19      0x9fc01460        0x8
 *(.vector_19)
 .vector_19     0x9fc01460        0x8 /opt/microchip/xc32/v2.05/bin/bin/../../lib/gcc/pic32mx/4.8.3/../../../../pic32mx/lib/libpic32.a(vector19.o)
                0x9fc01460                __vector_dispatch_19
                0x00000001                ASSERT (((_vector_spacing == 0x0) || (SIZEOF (.vector_19) <= (_vector_spacing << 0x5))), function at exception vector 19 too large)

.vector_20      0x9fc01480        0x8
 *(.vector_20)
 .vector_20     0x9fc01480        0x8 build/default/debug/src/badge.o
                0x9fc01480                __vector_dispatch_20
                0x00000001                ASSERT (((_vector_spacing == 0x0) || (SIZEOF (.vector_20) <= (_vector_spacing << 0x5))), function at exception vector 20 too large)

.vector_21      0x9fc014a0        0x8
 *(.vector_21)
 .vector_21     0x9fc014a0        0x8 /opt/microchip/xc32/v2.05/bin/bin/../../lib/gcc/pic32mx/4.8.3/../../../../pic32mx/lib/libpic32.a(vector21.o)
                0x9fc014a0                __vector_dispatch_21
                0x00000001                ASSERT (((_vector_spacing == 0x0) || (SIZEOF (.vector_21) <= (_vector_spacing << 0x5))), function at exception vector 21 too large)

.vector_22      0x9fc014c0        0x8
 *(.vector_22)
 .vector_22     0x9fc014c0        0x8 /opt/microchip/xc32/v2.05/bin/bin/../../lib/gcc/pic32mx/4.8.3/../../../../pic32mx/lib/libpic32.a(vector22.o)
                0x9fc014c0                __vector_dispatch_22
                0x00000001                ASSERT (((_vector_spacing == 0x0) || (SIZEOF (.vector_22) <= (_vector_spacing << 0x5))), function at exception vector 22 too large)

.vector_23      0x9fc014e0        0x8
 *(.vector_23)
 .vector_23     0x9fc014e0        0x8 /opt/microchip/xc32/v2.05/bin/bin/../../lib/gcc/pic32mx/4.8.3/../../../../pic32mx/lib/libpic32.a(vector23.o)
                0x9fc014e0                __vector_dispatch_23
                0x00000001                ASSERT (((_vector_spacing == 0x0) || (SIZEOF (.vector_23) <= (_vector_spacing << 0x5))), function at exception vector 23 too large)

.vector_24      0x9fc01500        0x8
 *(.vector_24)
 .vector_24     0x9fc01500        0x8 /opt/microchip/xc32/v2.05/bin/bin/../../lib/gcc/pic32mx/4.8.3/../../../../pic32mx/lib/libpic32.a(vector24.o)
                0x9fc01500                __vector_dispatch_24
                0x00000001                ASSERT (((_vector_spacing == 0x0) || (SIZEOF (.vector_24) <= (_vector_spacing << 0x5))), function at exception vector 24 too large)

.vector_25      0x9fc01520        0x8
 *(.vector_25)
 .vector_25     0x9fc01520        0x8 /opt/microchip/xc32/v2.05/bin/bin/../../lib/gcc/pic32mx/4.8.3/../../../../pic32mx/lib/libpic32.a(vector25.o)
                0x9fc01520                __vector_dispatch_25
                0x00000001                ASSERT (((_vector_spacing == 0x0) || (SIZEOF (.vector_25) <= (_vector_spacing << 0x5))), function at exception vector 25 too large)

.vector_26      0x9fc01540        0x8
 *(.vector_26)
 .vector_26     0x9fc01540        0x8 /opt/microchip/xc32/v2.05/bin/bin/../../lib/gcc/pic32mx/4.8.3/../../../../pic32mx/lib/libpic32.a(vector26.o)
                0x9fc01540                __vector_dispatch_26
                0x00000001                ASSERT (((_vector_spacing == 0x0) || (SIZEOF (.vector_26) <= (_vector_spacing << 0x5))), function at exception vector 26 too large)

.vector_27      0x9fc01560        0x8
 *(.vector_27)
 .vector_27     0x9fc01560        0x8 /opt/microchip/xc32/v2.05/bin/bin/../../lib/gcc/pic32mx/4.8.3/../../../../pic32mx/lib/libpic32.a(vector27.o)
                0x9fc01560                __vector_dispatch_27
                0x00000001                ASSERT (((_vector_spacing == 0x0) || (SIZEOF (.vector_27) <= (_vector_spacing << 0x5))), function at exception vector 27 too large)

.vector_28      0x9fc01580        0x8
 *(.vector_28)
 .vector_28     0x9fc01580        0x8 /opt/microchip/xc32/v2.05/bin/bin/../../lib/gcc/pic32mx/4.8.3/../../../../pic32mx/lib/libpic32.a(vector28.o)
                0x9fc01580                __vector_dispatch_28
                0x00000001                ASSERT (((_vector_spacing == 0x0) || (SIZEOF (.vector_28) <= (_vector_spacing << 0x5))), function at exception vector 28 too large)

.vector_29      0x9fc015a0        0x8
 *(.vector_29)
 .vector_29     0x9fc015a0        0x8 /opt/microchip/xc32/v2.05/bin/bin/../../lib/gcc/pic32mx/4.8.3/../../../../pic32mx/lib/libpic32.a(vector29.o)
                0x9fc015a0                __vector_dispatch_29
                0x00000001                ASSERT (((_vector_spacing == 0x0) || (SIZEOF (.vector_29) <= (_vector_spacing << 0x5))), function at exception vector 29 too large)

.vector_30      0x9fc015c0        0x8
 *(.vector_30)
 .vector_30     0x9fc015c0        0x8 /opt/microchip/xc32/v2.05/bin/bin/../../lib/gcc/pic32mx/4.8.3/../../../../pic32mx/lib/libpic32.a(vector30.o)
                0x9fc015c0                __vector_dispatch_30
                0x00000001                ASSERT (((_vector_spacing == 0x0) || (SIZEOF (.vector_30) <= (_vector_spacing << 0x5))), function at exception vector 30 too large)

.vector_31      0x9fc015e0        0x8
 *(.vector_31)
 .vector_31     0x9fc015e0        0x8 /opt/microchip/xc32/v2.05/bin/bin/../../lib/gcc/pic32mx/4.8.3/../../../../pic32mx/lib/libpic32.a(vector31.o)
                0x9fc015e0                __vector_dispatch_31
                0x00000001                ASSERT (((_vector_spacing == 0x0) || (SIZEOF (.vector_31) <= (_vector_spacing << 0x5))), function at exception vector 31 too large)

.vector_32      0x9fc01600        0x8
 *(.vector_32)
 .vector_32     0x9fc01600        0x8 /opt/microchip/xc32/v2.05/bin/bin/../../lib/gcc/pic32mx/4.8.3/../../../../pic32mx/lib/libpic32.a(vector32.o)
                0x9fc01600                __vector_dispatch_32
                0x00000001                ASSERT (((_vector_spacing == 0x0) || (SIZEOF (.vector_32) <= (_vector_spacing << 0x5))), function at exception vector 32 too large)

.vector_33      0x9fc01620        0x8
 *(.vector_33)
 .vector_33     0x9fc01620        0x8 /opt/microchip/xc32/v2.05/bin/bin/../../lib/gcc/pic32mx/4.8.3/../../../../pic32mx/lib/libpic32.a(vector33.o)
                0x9fc01620                __vector_dispatch_33
                0x00000001                ASSERT (((_vector_spacing == 0x0) || (SIZEOF (.vector_33) <= (_vector_spacing << 0x5))), function at exception vector 33 too large)

.vector_34      0x9fc01640        0x8
 *(.vector_34)
 .vector_34     0x9fc01640        0x8 /opt/microchip/xc32/v2.05/bin/bin/../../lib/gcc/pic32mx/4.8.3/../../../../pic32mx/lib/libpic32.a(vector34.o)
                0x9fc01640                __vector_dispatch_34
                0x00000001                ASSERT (((_vector_spacing == 0x0) || (SIZEOF (.vector_34) <= (_vector_spacing << 0x5))), function at exception vector 34 too large)

.vector_35      0x9fc01660        0x8
 *(.vector_35)
 .vector_35     0x9fc01660        0x8 /opt/microchip/xc32/v2.05/bin/bin/../../lib/gcc/pic32mx/4.8.3/../../../../pic32mx/lib/libpic32.a(vector35.o)
                0x9fc01660                __vector_dispatch_35
                0x00000001                ASSERT (((_vector_spacing == 0x0) || (SIZEOF (.vector_35) <= (_vector_spacing << 0x5))), function at exception vector 35 too large)

.vector_36      0x9fc01680        0x8
 *(.vector_36)
 .vector_36     0x9fc01680        0x8 /opt/microchip/xc32/v2.05/bin/bin/../../lib/gcc/pic32mx/4.8.3/../../../../pic32mx/lib/libpic32.a(vector36.o)
                0x9fc01680                __vector_dispatch_36
                0x00000001                ASSERT (((_vector_spacing == 0x0) || (SIZEOF (.vector_36) <= (_vector_spacing << 0x5))), function at exception vector 36 too large)

.vector_37      0x9fc016a0        0x8
 *(.vector_37)
 .vector_37     0x9fc016a0        0x8 /opt/microchip/xc32/v2.05/bin/bin/../../lib/gcc/pic32mx/4.8.3/../../../../pic32mx/lib/libpic32.a(vector37.o)
                0x9fc016a0                __vector_dispatch_37
                0x00000001                ASSERT (((_vector_spacing == 0x0) || (SIZEOF (.vector_37) <= (_vector_spacing << 0x5))), function at exception vector 37 too large)

.vector_38      0x9fc016c0        0x8
 *(.vector_38)
 .vector_38     0x9fc016c0        0x8 /opt/microchip/xc32/v2.05/bin/bin/../../lib/gcc/pic32mx/4.8.3/../../../../pic32mx/lib/libpic32.a(vector38.o)
                0x9fc016c0                __vector_dispatch_38
                0x00000001                ASSERT (((_vector_spacing == 0x0) || (SIZEOF (.vector_38) <= (_vector_spacing << 0x5))), function at exception vector 38 too large)

.vector_39      0x9fc016e0        0x8
 *(.vector_39)
 .vector_39     0x9fc016e0        0x8 /opt/microchip/xc32/v2.05/bin/bin/../../lib/gcc/pic32mx/4.8.3/../../../../pic32mx/lib/libpic32.a(vector39.o)
                0x9fc016e0                __vector_dispatch_39
                0x00000001                ASSERT (((_vector_spacing == 0x0) || (SIZEOF (.vector_39) <= (_vector_spacing << 0x5))), function at exception vector 39 too large)

.vector_40      0x9fc01700        0x8
 *(.vector_40)
 .vector_40     0x9fc01700        0x8 /opt/microchip/xc32/v2.05/bin/bin/../../lib/gcc/pic32mx/4.8.3/../../../../pic32mx/lib/libpic32.a(vector40.o)
                0x9fc01700                __vector_dispatch_40
                0x00000001                ASSERT (((_vector_spacing == 0x0) || (SIZEOF (.vector_40) <= (_vector_spacing << 0x5))), function at exception vector 40 too large)

.vector_41      0x9fc01720        0x8
 *(.vector_41)
 .vector_41     0x9fc01720        0x8 /opt/microchip/xc32/v2.05/bin/bin/../../lib/gcc/pic32mx/4.8.3/../../../../pic32mx/lib/libpic32.a(vector41.o)
                0x9fc01720                __vector_dispatch_41
                0x00000001                ASSERT (((_vector_spacing == 0x0) || (SIZEOF (.vector_41) <= (_vector_spacing << 0x5))), function at exception vector 41 too large)

.vector_42      0x9fc01740        0x8
 *(.vector_42)
 .vector_42     0x9fc01740        0x8 /opt/microchip/xc32/v2.05/bin/bin/../../lib/gcc/pic32mx/4.8.3/../../../../pic32mx/lib/libpic32.a(vector42.o)
                0x9fc01740                __vector_dispatch_42
                0x00000001                ASSERT (((_vector_spacing == 0x0) || (SIZEOF (.vector_42) <= (_vector_spacing << 0x5))), function at exception vector 42 too large)

.vector_43      0x9fc01760        0x8
 *(.vector_43)
 .vector_43     0x9fc01760        0x8 /opt/microchip/xc32/v2.05/bin/bin/../../lib/gcc/pic32mx/4.8.3/../../../../pic32mx/lib/libpic32.a(vector43.o)
                0x9fc01760                __vector_dispatch_43
                0x00000001                ASSERT (((_vector_spacing == 0x0) || (SIZEOF (.vector_43) <= (_vector_spacing << 0x5))), function at exception vector 43 too large)

.vector_44      0x9fc01780        0x8
 *(.vector_44)
 .vector_44     0x9fc01780        0x8 /opt/microchip/xc32/v2.05/bin/bin/../../lib/gcc/pic32mx/4.8.3/../../../../pic32mx/lib/libpic32.a(vector44.o)
                0x9fc01780                __vector_dispatch_44
                0x00000001                ASSERT (((_vector_spacing == 0x0) || (SIZEOF (.vector_44) <= (_vector_spacing << 0x5))), function at exception vector 44 too large)

.vector_45      0x9fc017a0        0x8
 *(.vector_45)
 .vector_45     0x9fc017a0        0x8 /opt/microchip/xc32/v2.05/bin/bin/../../lib/gcc/pic32mx/4.8.3/../../../../pic32mx/lib/libpic32.a(vector45.o)
                0x9fc017a0                __vector_dispatch_45
                0x00000001                ASSERT (((_vector_spacing == 0x0) || (SIZEOF (.vector_45) <= (_vector_spacing << 0x5))), function at exception vector 45 too large)

.vector_46      0x9fc017c0        0x0
 *(.vector_46)
                0x00000001                ASSERT (((_vector_spacing == 0x0) || (SIZEOF (.vector_46) <= (_vector_spacing << 0x5))), function at exception vector 46 too large)

.vector_47      0x9fc017e0        0x0
 *(.vector_47)
                0x00000001                ASSERT (((_vector_spacing == 0x0) || (SIZEOF (.vector_47) <= (_vector_spacing << 0x5))), function at exception vector 47 too large)

.vector_48      0x9fc01800        0x0
 *(.vector_48)
                0x00000001                ASSERT (((_vector_spacing == 0x0) || (SIZEOF (.vector_48) <= (_vector_spacing << 0x5))), function at exception vector 48 too large)

.vector_49      0x9fc01820        0x0
 *(.vector_49)
                0x00000001                ASSERT (((_vector_spacing == 0x0) || (SIZEOF (.vector_49) <= (_vector_spacing << 0x5))), function at exception vector 49 too large)

.vector_50      0x9fc01840        0x0
 *(.vector_50)
                0x00000001                ASSERT (((_vector_spacing == 0x0) || (SIZEOF (.vector_50) <= (_vector_spacing << 0x5))), function at exception vector 50 too large)

.vector_51      0x9fc01860        0x0
 *(.vector_51)
                0x00000001                ASSERT (((_vector_spacing == 0x0) || (SIZEOF (.vector_51) <= (_vector_spacing << 0x5))), function at exception vector 51 too large)

.vector_52      0x9fc01880        0x0
 *(.vector_52)
                0x00000001                ASSERT (((_vector_spacing == 0x0) || (SIZEOF (.vector_52) <= (_vector_spacing << 0x5))), function at exception vector 52 too large)

.vector_53      0x9fc018a0        0x0
 *(.vector_53)
                0x00000001                ASSERT (((_vector_spacing == 0x0) || (SIZEOF (.vector_53) <= (_vector_spacing << 0x5))), function at exception vector 53 too large)

.vector_54      0x9fc018c0        0x0
 *(.vector_54)
                0x00000001                ASSERT (((_vector_spacing == 0x0) || (SIZEOF (.vector_54) <= (_vector_spacing << 0x5))), function at exception vector 54 too large)

.vector_55      0x9fc018e0        0x0
 *(.vector_55)
                0x00000001                ASSERT (((_vector_spacing == 0x0) || (SIZEOF (.vector_55) <= (_vector_spacing << 0x5))), function at exception vector 55 too large)

.vector_56      0x9fc01900        0x0
 *(.vector_56)
                0x00000001                ASSERT (((_vector_spacing == 0x0) || (SIZEOF (.vector_56) <= (_vector_spacing << 0x5))), function at exception vector 56 too large)

.vector_57      0x9fc01920        0x0
 *(.vector_57)
                0x00000001                ASSERT (((_vector_spacing == 0x0) || (SIZEOF (.vector_57) <= (_vector_spacing << 0x5))), function at exception vector 57 too large)

.vector_58      0x9fc01940        0x0
 *(.vector_58)
                0x00000001                ASSERT (((_vector_spacing == 0x0) || (SIZEOF (.vector_58) <= (_vector_spacing << 0x5))), function at exception vector 58 too large)

.vector_59      0x9fc01960        0x0
 *(.vector_59)
                0x00000001                ASSERT (((_vector_spacing == 0x0) || (SIZEOF (.vector_59) <= (_vector_spacing << 0x5))), function at exception vector 59 too large)

.vector_60      0x9fc01980        0x0
 *(.vector_60)
                0x00000001                ASSERT (((_vector_spacing == 0x0) || (SIZEOF (.vector_60) <= (_vector_spacing << 0x5))), function at exception vector 60 too large)

.vector_61      0x9fc019a0        0x0
 *(.vector_61)
                0x00000001                ASSERT (((_vector_spacing == 0x0) || (SIZEOF (.vector_61) <= (_vector_spacing << 0x5))), function at exception vector 61 too large)

.vector_62      0x9fc019c0        0x0
 *(.vector_62)
                0x00000001                ASSERT (((_vector_spacing == 0x0) || (SIZEOF (.vector_62) <= (_vector_spacing << 0x5))), function at exception vector 62 too large)

.vector_63      0x9fc019e0        0x0
 *(.vector_63)
                0x00000001                ASSERT (((_vector_spacing == 0x0) || (SIZEOF (.vector_63) <= (_vector_spacing << 0x5))), function at exception vector 63 too large)

.startup
 *(.startup)

.text           0x9d000000        0x0
 *(.stub .gnu.linkonce.t.*)
 *(.text.*personality*)
 *(.mips16.fn.*)
 *(.mips16.call.*)
 *(.gnu.warning)
                0x9d000000                . = ALIGN (0x4)

.init           0x9d000000        0x0
 *crti.o(.init)
 *crtbegin.o(.init)
 *(EXCLUDE_FILE(*crtn.o *crtend?.o *crtend.o) .init)
 *crtend.o(.init)
 *crtn.o(.init)
                0x9d000000                . = ALIGN (0x4)

.fini           0x9d000000        0x0
 *(.fini)
                0x9d000000                . = ALIGN (0x4)

.preinit_array  0x9d000000        0x0
                0x9d000000                PROVIDE (__preinit_array_start, .)
 *(.preinit_array)
                0x9d000000                PROVIDE (__preinit_array_end, .)
                0x9d000000                . = ALIGN (0x4)

.init_array     0x9d000000        0x0
                0x9d000000                PROVIDE (__init_array_start, .)
 *(SORT(.init_array.*))
 *(.init_array)
                0x9d000000                PROVIDE (__init_array_end, .)
                0x9d000000                . = ALIGN (0x4)

.fini_array     0x9d000000        0x0
                0x9d000000                PROVIDE (__fini_array_start, .)
 *(SORT(.fini_array.*))
 *(.fini_array)
                0x9d000000                PROVIDE (__fini_array_end, .)
                0x9d000000                . = ALIGN (0x4)

.ctors          0x9d000000        0x0
 *crtbegin.o(.ctors)
 *crtbegin?.o(.ctors)
 *(EXCLUDE_FILE(*crtend?.o *crtend.o) .ctors)
 *(SORT(.ctors.*))
 *(.ctors)
                0x9d000000                . = ALIGN (0x4)

.dtors          0x9d000000        0x0
 *crtbegin.o(.dtors)
 *crtbegin?.o(.dtors)
 *(EXCLUDE_FILE(*crtend?.o *crtend.o) .dtors)
 *(SORT(.dtors.*))
 *(.dtors)
                0x9d000000                . = ALIGN (0x4)

.rodata         0x9d000000        0x0
 *(.gnu.linkonce.r.*)
 *(.rodata1)
                0x9d000000                . = ALIGN (0x4)

.sdata2         0x9fc00490        0x0
 *(.sdata2 .sdata2.* .gnu.linkonce.s2.*)
                0x9fc00490                . = ALIGN (0x4)

.sbss2          0x9fc00490        0x0
 *(.sbss2 .sbss2.* .gnu.linkonce.sb2.*)
                0x9fc00490                . = ALIGN (0x4)

.eh_frame_hdr
 *(.eh_frame_hdr)
                0x9fc00490                . = ALIGN (0x4)

.eh_frame
 *(.eh_frame)
                0x9fc00490                . = ALIGN (0x4)

.gcc_except_table
 *(.gcc_except_table .gcc_except_table.*)
                0x9fc00490                . = ALIGN (0x4)

.dbg_data       0xa0000200        0x0
                0xa0000200                . = (. + DEFINED (_DEBUGGER)?0x200:0x0)

.jcr            0xa0000200        0x0
 *(.jcr)
                0xa0000200                . = ALIGN (0x4)

.eh_frame
 *(.eh_frame)
                0xa0000200                . = ALIGN (0x4)

.gcc_except_table
 *(.gcc_except_table .gcc_except_table.*)
                0xa0000200                . = ALIGN (0x4)

.persist        0xa0000200        0x0
                0xa0000200                _persist_begin = .
 *(.persist .persist.*)
 *(.pbss .pbss.*)
                0xa0000200                . = ALIGN (0x4)
                0xa0000200                _persist_end = .

.data           0xa0000200        0x0
 *(.gnu.linkonce.d.*)
 *(.data1)
                0xa0000200                . = ALIGN (0x4)
                0xa0000200                . = .
                0xa00081f0                _gp = (ALIGN (0x10) + 0x7ff0)

.got            0xa0000200        0x0
 *(.got.plt)
 *(.got)
                0xa0000200                . = ALIGN (0x4)

.sdata          0xa0000200       0x18
                0xa0000200                _sdata_begin = .
 *(.sdata .sdata.* .gnu.linkonce.s.*)
 .sdata         0xa0000200        0x1 build/default/debug/src/basic/ubasic.o
                0xa0000200                term_vt100
 *fill*         0xa0000201        0x3 
 .sdata         0xa0000204        0x4 build/default/debug/src/Z80/hwz.o
                0xa0000204                last_addr
 .sdata         0xa0000208        0x4 build/default/debug/src/Z80/simglb.o
                0xa0000208                break_flag
 .sdata         0xa000020c        0x1 build/default/debug/src/user_program.o
 .sdata         0xa000020d        0x1 build/default/debug/src/badge.o
                0xa000020d                handle_display
 *fill*         0xa000020e        0x2 
 .sdata         0xa0000210        0x4 /opt/microchip/xc32/v2.05/bin/bin/../../lib/gcc/pic32mx/4.8.3/../../../../pic32mx/lib/liblega-c.a(_iobdata.o)
                0xa0000210                _libc_data
 .sdata         0xa0000214        0x4 /opt/microchip/xc32/v2.05/bin/bin/../../lib/gcc/pic32mx/4.8.3/../../../../pic32mx/lib/libpic32.a(xc32_uart.o)
                0xa0000214                __XC_UART
                0xa0000218                . = ALIGN (0x4)
                0xa0000218                _sdata_end = .

.lit8
 *(.lit8)

.lit4
 *(.lit4)
                0xa0000218                . = ALIGN (0x4)
                0xa0000218                _data_end = .
                0xa0000218                _bss_begin = .

.sbss           0xa0000218      0x130
                0xa0000218                _sbss_begin = .
 *(.dynsbss)
 *(.sbss .sbss.* .gnu.linkonce.sb.*)
 .sbss          0xa0000218        0xc build/default/debug/src/basic/tokenizer.o
 .sbss          0xa0000224       0x18 build/default/debug/src/basic/ubasic.o
                0xa0000224                term_y
                0xa0000228                term_x
 .sbss          0xa000023c        0x3 build/default/debug/src/disp.o
 *fill*         0xa000023f        0x1 
 .sbss          0xa0000240        0x8 build/default/debug/src/hw.o
                0xa0000244                led_state
                0xa0000245                key_state
 .sbss          0xa0000248       0x18 build/default/debug/src/vt100.o
 .sbss          0xa0000260        0x1 build/default/debug/src/tetrapuzz.o
                0xa0000260                drop_timer_flag
 .sbss          0xa0000261        0x5 build/default/debug/src/box_game.o
                0xa0000263                rotate
                0xa0000264                cur_piece
                0xa0000265                random_piece
 .sbss          0xa0000266        0x2 build/default/debug/src/snake.o
                0xa0000266                move_tick
                0xa0000267                game_running
 .sbss          0xa0000268        0x4 build/default/debug/src/user_program.o
 .sbss          0xa000026c        0x2 build/default/debug/src/badge.o
                0xa000026c                stdio_local_len
                0xa000026d                key_buffer_ptr
 *fill*         0xa000026e        0x2 
 .sbss          0xa0000270        0x4 /opt/microchip/xc32/v2.05/bin/bin/../../lib/gcc/pic32mx/4.8.3/../../../../pic32mx/lib/liblega-c.a(errno.o)
                0xa0000270                errno
 *(.scommon)
 .scommon       0xa0000274        0xc build/default/debug/src/basic/ubasic.o
                0xa0000274                last_linenum
                0xa0000278                interactive_mode
                0xa000027c                start_after_wake
 .scommon       0xa0000280        0x6 build/default/debug/src/Z80/hwz.o
                0xa0000280                conin_buffer_pointer
                0xa0000281                unwritten
                0xa0000282                sector
                0xa0000283                disk_temp_pointer
                0xa0000284                drive
                0xa0000285                track
 .scommon       0xa0000286        0x1 build/default/debug/src/Z80/iosim.o
                0xa0000286                iosim_mode
 *fill*         0xa0000287        0x1 
 .scommon       0xa0000288       0x4c build/default/debug/src/Z80/simglb.o
                0xa0000288                D
                0xa0000289                C_
                0xa000028c                wrk_ram
                0xa0000290                A
                0xa0000291                L_
                0xa0000294                cpu_state
                0xa0000298                F_
                0xa000029c                B
                0xa000029d                C
                0xa000029e                IFF
                0xa000029f                B_
                0xa00002a0                D_
                0xa00002a2                IX
                0xa00002a4                E_
                0xa00002a8                PC
                0xa00002ac                A_
                0xa00002ad                H
                0xa00002b0                STACK
                0xa00002b4                L
                0xa00002b8                R
                0xa00002bc                int_mode
                0xa00002c0                E
                0xa00002c1                I
                0xa00002c4                cpu_error
                0xa00002c8                IY
                0xa00002ca                H_
                0xa00002cc                F
                0xa00002d0                int_type
 .scommon       0xa00002d4        0x4 build/default/debug/src/disp.o
                0xa00002d4                cursor_blink_cnt
                0xa00002d6                cursor_visible
                0xa00002d7                cursor_blink_state
 .scommon       0xa00002d8        0x9 build/default/debug/src/hw.o
                0xa00002d8                rnd_var2
                0xa00002da                key_char
                0xa00002db                key
                0xa00002dc                rnd_var3
                0xa00002de                rnd_var1
                0xa00002e0                key_last
 *fill*         0xa00002e1        0x1 
 .scommon       0xa00002e2        0xc build/default/debug/src/vt100.o
                0xa00002e2                bufsize
                0xa00002e4                bufhead
                0xa00002e6                cur_type
                0xa00002e8                count
                0xa00002ea                cur_blink
                0xa00002eb                color_composite
                0xa00002ec                buftail
 .scommon       0xa00002ee        0x0 build/default/debug/src/main.o
 *fill*         0xa00002ee        0x2 
 .scommon       0xa00002f0        0xa build/default/debug/src/tetrapuzz.o
                0xa00002f0                wait_until
                0xa00002f4                sstr
                0xa00002f8                state
 *fill*         0xa00002fa        0x2 
 .scommon       0xa00002fc        0x9 build/default/debug/src/box_game.o
                0xa00002fc                x_loc
                0xa0000300                BOX_piece
                0xa0000304                y_loc
 .scommon       0xa0000305        0x0 build/default/debug/src/post.o
 *fill*         0xa0000305        0x3 
 .scommon       0xa0000308       0x1a build/default/debug/src/snake.o
                0xa0000308                dirX
                0xa000030c                TimingDelay
                0xa0000310                tail
                0xa0000314                fruit
                0xa0000318                change_dir
                0xa000031a                snake_length_limit
                0xa000031c                head
                0xa000031e                dirY
                0xa0000320                snake_length_current
 .scommon       0xa0000322        0x0 build/default/debug/src/user_program.o
 *fill*         0xa0000322        0x2 
 .scommon       0xa0000324       0x24 build/default/debug/src/badge.o
                0xa0000324                term_pointer
                0xa0000328                j
                0xa000032c                get_stat
                0xa000032d                stdio_src
                0xa000032e                cmd_line_key_stat_old
                0xa0000330                vertical_shift
                0xa0000332                prog_ptr
                0xa0000334                i
                0xa0000338                cmd_line_pointer
                0xa0000339                brk_key
                0xa000033c                ticks
                0xa0000340                char_out
                0xa0000341                prompt
                0xa0000344                len
                0xa0000348                _sbss_end = .
                0xa0000348                . = ALIGN (0x4)

.bss            0xa0000348    0x1b7f8
 *(.dynbss)
 *(COMMON)
 COMMON         0xa0000348       0x28 build/default/debug/src/basic/ubasic.o
                0xa0000348                err_msg
 COMMON         0xa0000370     0x68a0 build/default/debug/src/Z80/hwz.o
                0xa0000370                disk_temp
                0xa00003f0                conin_buffer
                0xa0000410                ram_disk
                0xa0005c10                flash_buff
 COMMON         0xa0006c10    0x10000 build/default/debug/src/Z80/simglb.o
                0xa0006c10                ram
 COMMON         0xa0016c10       0x66 build/default/debug/src/vt100.o
                0xa0016c10                msg1
                0xa0016c44                buf
 *fill*         0xa0016c76        0x2 
 COMMON         0xa0016c78       0x1e build/default/debug/src/box_game.o
                0xa0016c78                BOX_location
 *fill*         0xa0016c96        0x2 
 COMMON         0xa0016c98      0x640 build/default/debug/src/snake.o
                0xa0016c98                corners
 COMMON         0xa00172d8     0x4866 build/default/debug/src/badge.o
                0xa00172d8                key_buffer
                0xa00172e8                jbuf
                0xa00173a8                tprog
                0xa001740c                color_buffer
                0xa0017754                disp_buffer
                0xa0017a9c                stdio_local_buff
                0xa0017ab8                cmd_line_buff
                0xa0017b08                bprog
                0xa001bb0c                stdio_buff
                0xa001bb40                . = ALIGN ((. != 0x0)?0x4:0x1)
 *fill*         0xa001bb3e        0x2 
                0xa001bb40                . = ALIGN (0x4)
                0xa001bb40                _end = .
                0xa001bb40                _bss_end = .
                0x00020000                _bmxdudba_address = 0x20000
                0x00020000                _bmxdupba_address = 0x20000

/DISCARD/
 *(.pdr)
 *(.rel.dyn)
 *(.note.GNU-stack)
 *(.note.GNU-stack)
 *(.gnu_debuglink)
 *(.gnu.lto_*)
 *(.discard)

.gptab.sdata
 *(.gptab.data)
 *(.gptab.sdata)

.gptab.sbss
 *(.gptab.bss)
 *(.gptab.sbss)

.mdebug.abi32   0xa001bb40        0x0
 *(.mdebug.abi32)
 .mdebug.abi32  0xa001bb40        0x0 /opt/microchip/xc32/v2.05/bin/bin/../../lib/gcc/pic32mx/4.8.3/../../../../pic32mx/lib/software-debug-break.o
 .mdebug.abi32  0xa001bb40        0x0 build/default/debug/src/basic/tokenizer.o
 .mdebug.abi32  0xa001bb40        0x0 build/default/debug/src/basic/ubasic.o
 .mdebug.abi32  0xa001bb40        0x0 build/default/debug/src/Z80/hwz.o
 .mdebug.abi32  0xa001bb40        0x0 build/default/debug/src/Z80/iosim.o
 .mdebug.abi32  0xa001bb40        0x0 build/default/debug/src/Z80/sim1.o
 .mdebug.abi32  0xa001bb40        0x0 build/default/debug/src/Z80/sim2.o
 .mdebug.abi32  0xa001bb40        0x0 build/default/debug/src/Z80/sim3.o
 .mdebug.abi32  0xa001bb40        0x0 build/default/debug/src/Z80/sim4.o
 .mdebug.abi32  0xa001bb40        0x0 build/default/debug/src/Z80/sim5.o
 .mdebug.abi32  0xa001bb40        0x0 build/default/debug/src/Z80/sim6.o
 .mdebug.abi32  0xa001bb40        0x0 build/default/debug/src/Z80/sim7.o
 .mdebug.abi32  0xa001bb40        0x0 build/default/debug/src/Z80/simfun.o
 .mdebug.abi32  0xa001bb40        0x0 build/default/debug/src/Z80/simglb.o
 .mdebug.abi32  0xa001bb40        0x0 build/default/debug/src/disp.o
 .mdebug.abi32  0xa001bb40        0x0 build/default/debug/src/hw.o
 .mdebug.abi32  0xa001bb40        0x0 build/default/debug/src/images.o
 .mdebug.abi32  0xa001bb40        0x0 build/default/debug/src/vt100.o
 .mdebug.abi32  0xa001bb40        0x0 build/default/debug/src/main.o
 .mdebug.abi32  0xa001bb40        0x0 build/default/debug/src/splash.o
 .mdebug.abi32  0xa001bb40        0x0 build/default/debug/src/tetrapuzz.o
 .mdebug.abi32  0xa001bb40        0x0 build/default/debug/src/box_game.o
 .mdebug.abi32  0xa001bb40        0x0 build/default/debug/src/tune_player.o
 .mdebug.abi32  0xa001bb40        0x0 build/default/debug/src/post.o
 .mdebug.abi32  0xa001bb40        0x0 build/default/debug/src/snake.o
 .mdebug.abi32  0xa001bb40        0x0 build/default/debug/src/user_program.o
 .mdebug.abi32  0xa001bb40        0x0 build/default/debug/src/badge.o
 .mdebug.abi32  0xa001bb40        0x0 /opt/microchip/xc32/v2.05/bin/bin/../../lib/gcc/pic32mx/4.8.3/../../../../pic32mx/lib/libmchp_peripheral_32MX370F512H.a(pcache.o)
 .mdebug.abi32  0xa001bb40        0x0 /opt/microchip/xc32/v2.05/bin/bin/../../lib/gcc/pic32mx/4.8.3/../../../../pic32mx/lib/libmchp_peripheral_32MX370F512H.a(int_disable_interrupts_lib.o)
 .mdebug.abi32  0xa001bb40        0x0 /opt/microchip/xc32/v2.05/bin/bin/../../lib/gcc/pic32mx/4.8.3/../../../../pic32mx/lib/libmchp_peripheral_32MX370F512H.a(int_restore_interrupts_lib.o)
 .mdebug.abi32  0xa001bb40        0x0 /opt/microchip/xc32/v2.05/bin/bin/../../lib/gcc/pic32mx/4.8.3/../../../../pic32mx/lib/libmchp_peripheral_32MX370F512H.a(int_enable_mv_int_lib.o)
 .mdebug.abi32  0xa001bb40        0x0 /opt/microchip/xc32/v2.05/bin/bin/../../lib/gcc/pic32mx/4.8.3/../../../../pic32mx/lib/libmchp_peripheral_32MX370F512H.a(int_enable_interrupts_lib.o)
 .mdebug.abi32  0xa001bb40        0x0 /opt/microchip/xc32/v2.05/bin/bin/../../lib/gcc/pic32mx/4.8.3/../../../../pic32mx/lib/libpic32.a(default-bootstrap-exception-handler.o)
 .mdebug.abi32  0xa001bb40        0x0 /opt/microchip/xc32/v2.05/bin/bin/../../lib/gcc/pic32mx/4.8.3/../../../../pic32mx/lib/libpic32.a(default-on-reset.o)
 .mdebug.abi32  0xa001bb40        0x0 /opt/microchip/xc32/v2.05/bin/bin/../../lib/gcc/pic32mx/4.8.3/../../../../pic32mx/lib/libpic32.a(default-on-bootstrap.o)
 .mdebug.abi32  0xa001bb40        0x0 /opt/microchip/xc32/v2.05/bin/bin/../../lib/gcc/pic32mx/4.8.3/../../../../pic32mx/lib/libpic32.a(default-general-exception-handler.o)
 .mdebug.abi32  0xa001bb40        0x0 /opt/microchip/xc32/v2.05/bin/bin/../../lib/gcc/pic32mx/4.8.3/../../../../pic32mx/lib/libpic32.a(defaultinterrupt.o)
 .mdebug.abi32  0xa001bb40        0x0 /opt/microchip/xc32/v2.05/bin/bin/../../lib/gcc/pic32mx/4.8.3/../../../../pic32mx/lib/liblega-c.a(strcat.o)
 .mdebug.abi32  0xa001bb40        0x0 /opt/microchip/xc32/v2.05/bin/bin/../../lib/gcc/pic32mx/4.8.3/../../../../pic32mx/lib/liblega-c.a(strncmp.o)
 .mdebug.abi32  0xa001bb40        0x0 /opt/microchip/xc32/v2.05/bin/bin/../../lib/gcc/pic32mx/4.8.3/../../../../pic32mx/lib/liblega-c.a(strncpy.o)
 .mdebug.abi32  0xa001bb40        0x0 /opt/microchip/xc32/v2.05/bin/bin/../../lib/gcc/pic32mx/4.8.3/../../../../pic32mx/lib/liblega-c.a(strchr.o)
 .mdebug.abi32  0xa001bb40        0x0 /opt/microchip/xc32/v2.05/bin/bin/../../lib/gcc/pic32mx/4.8.3/../../../../pic32mx/lib/liblega-c.a(memmove.o)
 .mdebug.abi32  0xa001bb40        0x0 /opt/microchip/xc32/v2.05/bin/bin/../../lib/gcc/pic32mx/4.8.3/../../../../pic32mx/lib/liblega-c.a(ctype.o)
 .mdebug.abi32  0xa001bb40        0x0 /opt/microchip/xc32/v2.05/bin/bin/../../lib/gcc/pic32mx/4.8.3/../../../../pic32mx/lib/liblega-c.a(ctypef.o)
 .mdebug.abi32  0xa001bb40        0x0 /opt/microchip/xc32/v2.05/bin/bin/../../lib/gcc/pic32mx/4.8.3/../../../../pic32mx/lib/liblega-c.a(rand.o)
 .mdebug.abi32  0xa001bb40        0x0 /opt/microchip/xc32/v2.05/bin/bin/../../lib/gcc/pic32mx/4.8.3/../../../../pic32mx/lib/liblega-c.a(strtol.o)
 .mdebug.abi32  0xa001bb40        0x0 /opt/microchip/xc32/v2.05/bin/bin/../../lib/gcc/pic32mx/4.8.3/../../../../pic32mx/lib/liblega-c.a(sprintf_cdnopsuxX.eo)
 .mdebug.abi32  0xa001bb40        0x0 /opt/microchip/xc32/v2.05/bin/bin/../../lib/gcc/pic32mx/4.8.3/../../../../pic32mx/lib/liblega-c.a(sscanf_cdnopuxX.eo)
 .mdebug.abi32  0xa001bb40        0x0 /opt/microchip/xc32/v2.05/bin/bin/../../lib/gcc/pic32mx/4.8.3/../../../../pic32mx/lib/liblega-c.a(stubs.o)
 .mdebug.abi32  0xa001bb40        0x0 /opt/microchip/xc32/v2.05/bin/bin/../../lib/gcc/pic32mx/4.8.3/../../../../pic32mx/lib/liblega-c.a(errno.o)
 .mdebug.abi32  0xa001bb40        0x0 /opt/microchip/xc32/v2.05/bin/bin/../../lib/gcc/pic32mx/4.8.3/../../../../pic32mx/lib/liblega-c.a(_doprnt_cdnopsuxX.eo)
 .mdebug.abi32  0xa001bb40        0x0 /opt/microchip/xc32/v2.05/bin/bin/../../lib/gcc/pic32mx/4.8.3/../../../../pic32mx/lib/liblega-c.a(_iobdata.o)
 .mdebug.abi32  0xa001bb40        0x0 /opt/microchip/xc32/v2.05/bin/bin/../../lib/gcc/pic32mx/4.8.3/../../../../pic32mx/lib/liblega-c.a(_iobfuncs.o)
 .mdebug.abi32  0xa001bb40        0x0 /opt/microchip/xc32/v2.05/bin/bin/../../lib/gcc/pic32mx/4.8.3/../../../../pic32mx/lib/liblega-c.a(_iobstring.o)
 .mdebug.abi32  0xa001bb40        0x0 /opt/microchip/xc32/v2.05/bin/bin/../../lib/gcc/pic32mx/4.8.3/../../../../pic32mx/lib/liblega-c.a(fputc.o)
 .mdebug.abi32  0xa001bb40        0x0 /opt/microchip/xc32/v2.05/bin/bin/../../lib/gcc/pic32mx/4.8.3/../../../../pic32mx/lib/liblega-c.a(_doscan.o)
 .mdebug.abi32  0xa001bb40        0x0 /opt/microchip/xc32/v2.05/bin/bin/../../lib/gcc/pic32mx/4.8.3/../../../../pic32mx/lib/liblega-c.a(malloc.o)
 .mdebug.abi32  0xa001bb40        0x0 /opt/microchip/xc32/v2.05/bin/bin/../../lib/gcc/pic32mx/4.8.3/../../../../pic32mx/lib/liblega-c.a(malloc_realloc.o)
 .mdebug.abi32  0xa001bb40        0x0 /opt/microchip/xc32/v2.05/bin/bin/../../lib/gcc/pic32mx/4.8.3/../../../../pic32mx/lib/liblega-c.a(strtoul.o)
 .mdebug.abi32  0xa001bb40        0x0 /opt/microchip/xc32/v2.05/bin/bin/../../lib/gcc/pic32mx/4.8.3/../../../../pic32mx/lib/liblega-c.a(strtoll.o)
 .mdebug.abi32  0xa001bb40        0x0 /opt/microchip/xc32/v2.05/bin/bin/../../lib/gcc/pic32mx/4.8.3/../../../../pic32mx/lib/liblega-c.a(strtoull.o)
 .mdebug.abi32  0xa001bb40        0x0 /opt/microchip/xc32/v2.05/bin/bin/../../lib/gcc/pic32mx/4.8.3/../../../../pic32mx/lib/liblega-c.a(strtod.o)
 .mdebug.abi32  0xa001bb40        0x0 /opt/microchip/xc32/v2.05/bin/bin/../../lib/gcc/pic32mx/4.8.3/../../../../pic32mx/lib/liblega-c.a(strtof.o)
 .mdebug.abi32  0xa001bb40        0x0 /opt/microchip/xc32/v2.05/bin/bin/../../lib/gcc/pic32mx/4.8.3/../../../../pic32mx/lib/liblega-c.a(fullexit.o)
 .mdebug.abi32  0xa001bb40        0x0 /opt/microchip/xc32/v2.05/bin/bin/../../lib/gcc/pic32mx/4.8.3/../../../../pic32mx/lib/liblega-c.a(fgetc.o)
 .mdebug.abi32  0xa001bb40        0x0 /opt/microchip/xc32/v2.05/bin/bin/../../lib/gcc/pic32mx/4.8.3/../../../../pic32mx/lib/liblega-c.a(ungetc.o)
 .mdebug.abi32  0xa001bb40        0x0 /opt/microchip/xc32/v2.05/bin/bin/../../lib/gcc/pic32mx/4.8.3/../../../../pic32mx/lib/liblega-c.a(_ioinit.o)
 .mdebug.abi32  0xa001bb40        0x0 /opt/microchip/xc32/v2.05/bin/bin/../../lib/gcc/pic32mx/4.8.3/../../../../pic32mx/lib/liblega-c.a(_cleanup.o)
 .mdebug.abi32  0xa001bb40        0x0 /opt/microchip/xc32/v2.05/bin/bin/../../lib/gcc/pic32mx/4.8.3/../../../../pic32mx/lib/liblega-c.a(_bufproc.o)
 .mdebug.abi32  0xa001bb40        0x0 /opt/microchip/xc32/v2.05/bin/bin/../../lib/gcc/pic32mx/4.8.3/../../../../pic32mx/lib/libm.a(__strtod.o)
 .mdebug.abi32  0xa001bb40        0x0 /opt/microchip/xc32/v2.05/bin/bin/../../lib/gcc/pic32mx/4.8.3/../../../../pic32mx/lib/libm.a(__strtof.o)
 .mdebug.abi32  0xa001bb40        0x0 /opt/microchip/xc32/v2.05/bin/bin/../../lib/gcc/pic32mx/4.8.3/../../../../pic32mx/lib/libe.a(_ldexp.o)
 .mdebug.abi32  0xa001bb40        0x0 /opt/microchip/xc32/v2.05/bin/bin/../../lib/gcc/pic32mx/4.8.3/../../../../pic32mx/lib/libe.a(_ldexpf.o)
 .mdebug.abi32  0xa001bb40        0x0 /opt/microchip/xc32/v2.05/bin/bin/../../lib/gcc/pic32mx/4.8.3/libgcc.a(_lshrdi3.o)
 .mdebug.abi32  0xa001bb40        0x0 /opt/microchip/xc32/v2.05/bin/bin/../../lib/gcc/pic32mx/4.8.3/libgcc.a(_ashldi3.o)
 .mdebug.abi32  0xa001bb40        0x0 /opt/microchip/xc32/v2.05/bin/bin/../../lib/gcc/pic32mx/4.8.3/libgcc.a(_divdi3.o)
 .mdebug.abi32  0xa001bb40        0x0 /opt/microchip/xc32/v2.05/bin/bin/../../lib/gcc/pic32mx/4.8.3/libgcc.a(_udivdi3.o)
 .mdebug.abi32  0xa001bb40        0x0 /opt/microchip/xc32/v2.05/bin/bin/../../lib/gcc/pic32mx/4.8.3/libgcc.a(_umoddi3.o)
 .mdebug.abi32  0xa001bb40        0x0 /opt/microchip/xc32/v2.05/bin/bin/../../lib/gcc/pic32mx/4.8.3/../../../../pic32mx/lib/libpic32.a(sbrk.o)
 .mdebug.abi32  0xa001bb40        0x0 /opt/microchip/xc32/v2.05/bin/bin/../../lib/gcc/pic32mx/4.8.3/../../../../pic32mx/lib/libpic32.a(_exit.o)
 .mdebug.abi32  0xa001bb40        0x0 /opt/microchip/xc32/v2.05/bin/bin/../../lib/gcc/pic32mx/4.8.3/../../../../pic32mx/lib/libpic32.a(isatty.o)
 .mdebug.abi32  0xa001bb40        0x0 /opt/microchip/xc32/v2.05/bin/bin/../../lib/gcc/pic32mx/4.8.3/../../../../pic32mx/lib/libpic32.a(_mon_getc.o)
 .mdebug.abi32  0xa001bb40        0x0 /opt/microchip/xc32/v2.05/bin/bin/../../lib/gcc/pic32mx/4.8.3/../../../../pic32mx/lib/libpic32.a(_mon_write.o)
 .mdebug.abi32  0xa001bb40        0x0 /opt/microchip/xc32/v2.05/bin/bin/../../lib/gcc/pic32mx/4.8.3/../../../../pic32mx/lib/libpic32.a(xc32_uart.o)
 .mdebug.abi32  0xa001bb40        0x0 /opt/microchip/xc32/v2.05/bin/bin/../../lib/gcc/pic32mx/4.8.3/../../../../pic32mx/lib/libpic32.a(_mon_putc.o)

.mdebug.abiN32
 *(.mdebug.abiN32)

.mdebug.abi64
 *(.mdebug.abi64)

.mdebug.abiO64
 *(.mdebug.abiO64)

.mdebug.eabi32
 *(.mdebug.eabi32)

.mdebug.eabi64
 *(.mdebug.eabi64)

.gcc_compiled_long32
 *(.gcc_compiled_long32)

.gcc_compiled_long64
 *(.gcc_compiled_long64)

.stab
 *(.stab)

.stabstr
 *(.stabstr)

.stab.excl
 *(.stab.excl)

.stab.exclstr
 *(.stab.exclstr)

.stab.index
 *(.stab.index)

.stab.indexstr
 *(.stab.indexstr)

.comment        0x00000000      0xc1e
 *(.comment)
 .comment       0x00000000       0x3c /opt/microchip/xc32/v2.05/bin/bin/../../lib/gcc/pic32mx/4.8.3/../../../../pic32mx/lib/software-debug-break.o
                                 0x3d (size before relaxing)
 .comment       0x00000000       0x3d build/default/debug/src/basic/tokenizer.o
 .comment       0x00000000       0x3d build/default/debug/src/basic/ubasic.o
 .comment       0x00000000       0x3d build/default/debug/src/Z80/hwz.o
 .comment       0x00000000       0x3d build/default/debug/src/Z80/iosim.o
 .comment       0x00000000       0x3d build/default/debug/src/Z80/sim1.o
 .comment       0x00000000       0x3d build/default/debug/src/Z80/sim2.o
 .comment       0x00000000       0x3d build/default/debug/src/Z80/sim3.o
 .comment       0x00000000       0x3d build/default/debug/src/Z80/sim4.o
 .comment       0x00000000       0x3d build/default/debug/src/Z80/sim5.o
 .comment       0x00000000       0x3d build/default/debug/src/Z80/sim6.o
 .comment       0x00000000       0x3d build/default/debug/src/Z80/sim7.o
 .comment       0x00000000       0x3d build/default/debug/src/Z80/simfun.o
 .comment       0x00000000       0x3d build/default/debug/src/Z80/simglb.o
 .comment       0x00000000       0x3d build/default/debug/src/disp.o
 .comment       0x00000000       0x3d build/default/debug/src/hw.o
 .comment       0x00000000       0x3d build/default/debug/src/images.o
 .comment       0x00000000       0x3d build/default/debug/src/vt100.o
 .comment       0x00000000       0x3d build/default/debug/src/main.o
 .comment       0x00000000       0x3d build/default/debug/src/splash.o
 .comment       0x00000000       0x3d build/default/debug/src/tetrapuzz.o
 .comment       0x00000000       0x3d build/default/debug/src/box_game.o
 .comment       0x00000000       0x3d build/default/debug/src/tune_player.o
 .comment       0x00000000       0x3d build/default/debug/src/post.o
 .comment       0x00000000       0x3d build/default/debug/src/snake.o
 .comment       0x00000000       0x3d build/default/debug/src/user_program.o
 .comment       0x00000000       0x3d build/default/debug/src/badge.o
 .comment       0x0000003c       0x3c /opt/microchip/xc32/v2.05/bin/bin/../../lib/gcc/pic32mx/4.8.3/../../../../pic32mx/lib/libmchp_peripheral_32MX370F512H.a(pcache.o)
                                 0x3d (size before relaxing)
 .comment       0x00000000       0x3d /opt/microchip/xc32/v2.05/bin/bin/../../lib/gcc/pic32mx/4.8.3/../../../../pic32mx/lib/libmchp_peripheral_32MX370F512H.a(int_disable_interrupts_lib.o)
 .comment       0x00000000       0x3d /opt/microchip/xc32/v2.05/bin/bin/../../lib/gcc/pic32mx/4.8.3/../../../../pic32mx/lib/libmchp_peripheral_32MX370F512H.a(int_restore_interrupts_lib.o)
 .comment       0x00000000       0x3d /opt/microchip/xc32/v2.05/bin/bin/../../lib/gcc/pic32mx/4.8.3/../../../../pic32mx/lib/libmchp_peripheral_32MX370F512H.a(int_enable_mv_int_lib.o)
 .comment       0x00000000       0x3d /opt/microchip/xc32/v2.05/bin/bin/../../lib/gcc/pic32mx/4.8.3/../../../../pic32mx/lib/libmchp_peripheral_32MX370F512H.a(int_enable_interrupts_lib.o)
 .comment       0x00000078       0x18 /opt/microchip/xc32/v2.05/bin/bin/../../lib/gcc/pic32mx/4.8.3/../../../../pic32mx/lib/libpic32.a(memset.o)
                                 0x19 (size before relaxing)
 .comment       0x00000090       0x19 /opt/microchip/xc32/v2.05/bin/bin/../../lib/gcc/pic32mx/4.8.3/../../../../pic32mx/lib/libpic32.a(strcmp.o)
                                 0x1a (size before relaxing)
 .comment       0x000000a9       0x19 /opt/microchip/xc32/v2.05/bin/bin/../../lib/gcc/pic32mx/4.8.3/../../../../pic32mx/lib/libpic32.a(strcpy.o)
                                 0x1a (size before relaxing)
 .comment       0x000000c2       0x19 /opt/microchip/xc32/v2.05/bin/bin/../../lib/gcc/pic32mx/4.8.3/../../../../pic32mx/lib/libpic32.a(strlen.o)
                                 0x1a (size before relaxing)
 .comment       0x00000000       0x3d /opt/microchip/xc32/v2.05/bin/bin/../../lib/gcc/pic32mx/4.8.3/../../../../pic32mx/lib/libpic32.a(default-bootstrap-exception-handler.o)
 .comment       0x00000000       0x3d /opt/microchip/xc32/v2.05/bin/bin/../../lib/gcc/pic32mx/4.8.3/../../../../pic32mx/lib/libpic32.a(default-on-reset.o)
 .comment       0x00000000       0x3d /opt/microchip/xc32/v2.05/bin/bin/../../lib/gcc/pic32mx/4.8.3/../../../../pic32mx/lib/libpic32.a(default-on-bootstrap.o)
 .comment       0x00000000       0x3d /opt/microchip/xc32/v2.05/bin/bin/../../lib/gcc/pic32mx/4.8.3/../../../../pic32mx/lib/libpic32.a(default-general-exception-handler.o)
 .comment       0x00000000       0x3d /opt/microchip/xc32/v2.05/bin/bin/../../lib/gcc/pic32mx/4.8.3/../../../../pic32mx/lib/libpic32.a(defaultinterrupt.o)
 .comment       0x000000db       0x4f /opt/microchip/xc32/v2.05/bin/bin/../../lib/gcc/pic32mx/4.8.3/../../../../pic32mx/lib/liblega-c.a(strcat.o)
                                 0x8c (size before relaxing)
 .comment       0x0000012a       0x50 /opt/microchip/xc32/v2.05/bin/bin/../../lib/gcc/pic32mx/4.8.3/../../../../pic32mx/lib/liblega-c.a(strncmp.o)
                                 0x8d (size before relaxing)
 .comment       0x0000017a       0x50 /opt/microchip/xc32/v2.05/bin/bin/../../lib/gcc/pic32mx/4.8.3/../../../../pic32mx/lib/liblega-c.a(strncpy.o)
                                 0x8d (size before relaxing)
 .comment       0x000001ca       0x4f /opt/microchip/xc32/v2.05/bin/bin/../../lib/gcc/pic32mx/4.8.3/../../../../pic32mx/lib/liblega-c.a(strchr.o)
                                 0x8c (size before relaxing)
 .comment       0x00000219       0x50 /opt/microchip/xc32/v2.05/bin/bin/../../lib/gcc/pic32mx/4.8.3/../../../../pic32mx/lib/liblega-c.a(memmove.o)
                                 0x8d (size before relaxing)
 .comment       0x00000269       0x4e /opt/microchip/xc32/v2.05/bin/bin/../../lib/gcc/pic32mx/4.8.3/../../../../pic32mx/lib/liblega-c.a(ctype.o)
                                 0x8b (size before relaxing)
 .comment       0x000002b7       0x4f /opt/microchip/xc32/v2.05/bin/bin/../../lib/gcc/pic32mx/4.8.3/../../../../pic32mx/lib/liblega-c.a(ctypef.o)
                                 0x8c (size before relaxing)
 .comment       0x00000306       0x4d /opt/microchip/xc32/v2.05/bin/bin/../../lib/gcc/pic32mx/4.8.3/../../../../pic32mx/lib/liblega-c.a(rand.o)
                                 0x8a (size before relaxing)
 .comment       0x00000353       0x4f /opt/microchip/xc32/v2.05/bin/bin/../../lib/gcc/pic32mx/4.8.3/../../../../pic32mx/lib/liblega-c.a(strtol.o)
                                 0x8c (size before relaxing)
 .comment       0x000003a2       0x52 /opt/microchip/xc32/v2.05/bin/bin/../../lib/gcc/pic32mx/4.8.3/../../../../pic32mx/lib/liblega-c.a(sprintf_cdnopsuxX.eo)
                                 0x8f (size before relaxing)
 .comment       0x000003f4       0x51 /opt/microchip/xc32/v2.05/bin/bin/../../lib/gcc/pic32mx/4.8.3/../../../../pic32mx/lib/liblega-c.a(sscanf_cdnopuxX.eo)
                                 0x8e (size before relaxing)
 .comment       0x00000445       0x4e /opt/microchip/xc32/v2.05/bin/bin/../../lib/gcc/pic32mx/4.8.3/../../../../pic32mx/lib/liblega-c.a(stubs.o)
                                 0x8b (size before relaxing)
 .comment       0x00000493       0x4e /opt/microchip/xc32/v2.05/bin/bin/../../lib/gcc/pic32mx/4.8.3/../../../../pic32mx/lib/liblega-c.a(errno.o)
                                 0x8b (size before relaxing)
 .comment       0x000004e1       0x52 /opt/microchip/xc32/v2.05/bin/bin/../../lib/gcc/pic32mx/4.8.3/../../../../pic32mx/lib/liblega-c.a(_doprnt_cdnopsuxX.eo)
                                 0x8f (size before relaxing)
 .comment       0x00000533       0x53 /opt/microchip/xc32/v2.05/bin/bin/../../lib/gcc/pic32mx/4.8.3/../../../../pic32mx/lib/liblega-c.a(_iobdata.o)
                                 0x90 (size before relaxing)
 .comment       0x00000586       0x54 /opt/microchip/xc32/v2.05/bin/bin/../../lib/gcc/pic32mx/4.8.3/../../../../pic32mx/lib/liblega-c.a(_iobfuncs.o)
                                 0x91 (size before relaxing)
 .comment       0x000005da       0x55 /opt/microchip/xc32/v2.05/bin/bin/../../lib/gcc/pic32mx/4.8.3/../../../../pic32mx/lib/liblega-c.a(_iobstring.o)
                                 0x92 (size before relaxing)
 .comment       0x0000062f       0x50 /opt/microchip/xc32/v2.05/bin/bin/../../lib/gcc/pic32mx/4.8.3/../../../../pic32mx/lib/liblega-c.a(fputc.o)
                                 0x8d (size before relaxing)
 .comment       0x0000067f       0x52 /opt/microchip/xc32/v2.05/bin/bin/../../lib/gcc/pic32mx/4.8.3/../../../../pic32mx/lib/liblega-c.a(_doscan.o)
                                 0x8f (size before relaxing)
 .comment       0x00000000       0x3d /opt/microchip/xc32/v2.05/bin/bin/../../lib/gcc/pic32mx/4.8.3/../../../../pic32mx/lib/liblega-c.a(malloc.o)
 .comment       0x00000000       0x3d /opt/microchip/xc32/v2.05/bin/bin/../../lib/gcc/pic32mx/4.8.3/../../../../pic32mx/lib/liblega-c.a(malloc_realloc.o)
 .comment       0x000006d1       0x50 /opt/microchip/xc32/v2.05/bin/bin/../../lib/gcc/pic32mx/4.8.3/../../../../pic32mx/lib/liblega-c.a(strtoul.o)
                                 0x8d (size before relaxing)
 .comment       0x00000721       0x50 /opt/microchip/xc32/v2.05/bin/bin/../../lib/gcc/pic32mx/4.8.3/../../../../pic32mx/lib/liblega-c.a(strtoll.o)
                                 0x8d (size before relaxing)
 .comment       0x00000771       0x51 /opt/microchip/xc32/v2.05/bin/bin/../../lib/gcc/pic32mx/4.8.3/../../../../pic32mx/lib/liblega-c.a(strtoull.o)
                                 0x8e (size before relaxing)
 .comment       0x000007c2       0x4f /opt/microchip/xc32/v2.05/bin/bin/../../lib/gcc/pic32mx/4.8.3/../../../../pic32mx/lib/liblega-c.a(strtod.o)
                                 0x8c (size before relaxing)
 .comment       0x00000000       0x8c /opt/microchip/xc32/v2.05/bin/bin/../../lib/gcc/pic32mx/4.8.3/../../../../pic32mx/lib/liblega-c.a(strtof.o)
 .comment       0x00000811       0x51 /opt/microchip/xc32/v2.05/bin/bin/../../lib/gcc/pic32mx/4.8.3/../../../../pic32mx/lib/liblega-c.a(fullexit.o)
                                 0x8e (size before relaxing)
 .comment       0x00000862       0x50 /opt/microchip/xc32/v2.05/bin/bin/../../lib/gcc/pic32mx/4.8.3/../../../../pic32mx/lib/liblega-c.a(fgetc.o)
                                 0x8d (size before relaxing)
 .comment       0x000008b2       0x51 /opt/microchip/xc32/v2.05/bin/bin/../../lib/gcc/pic32mx/4.8.3/../../../../pic32mx/lib/liblega-c.a(ungetc.o)
                                 0x8e (size before relaxing)
 .comment       0x00000903       0x52 /opt/microchip/xc32/v2.05/bin/bin/../../lib/gcc/pic32mx/4.8.3/../../../../pic32mx/lib/liblega-c.a(_ioinit.o)
                                 0x8f (size before relaxing)
 .comment       0x00000955       0x51 /opt/microchip/xc32/v2.05/bin/bin/../../lib/gcc/pic32mx/4.8.3/../../../../pic32mx/lib/liblega-c.a(_cleanup.o)
                                 0x8e (size before relaxing)
 .comment       0x000009a6       0x53 /opt/microchip/xc32/v2.05/bin/bin/../../lib/gcc/pic32mx/4.8.3/../../../../pic32mx/lib/liblega-c.a(_bufproc.o)
                                 0x90 (size before relaxing)
 .comment       0x000009f9       0x9d /opt/microchip/xc32/v2.05/bin/bin/../../lib/gcc/pic32mx/4.8.3/../../../../pic32mx/lib/libm.a(__strtod.o)
                                 0xda (size before relaxing)
 .comment       0x00000a96       0x4f /opt/microchip/xc32/v2.05/bin/bin/../../lib/gcc/pic32mx/4.8.3/../../../../pic32mx/lib/libm.a(__strtof.o)
                                 0xda (size before relaxing)
 .comment       0x00000ae5       0x50 /opt/microchip/xc32/v2.05/bin/bin/../../lib/gcc/pic32mx/4.8.3/../../../../pic32mx/lib/libe.a(_ldexp.o)
                                 0xdb (size before relaxing)
 .comment       0x00000b35       0x50 /opt/microchip/xc32/v2.05/bin/bin/../../lib/gcc/pic32mx/4.8.3/../../../../pic32mx/lib/libe.a(_ldexpf.o)
                                 0xdb (size before relaxing)
 .comment       0x00000000       0x3d /opt/microchip/xc32/v2.05/bin/bin/../../lib/gcc/pic32mx/4.8.3/libgcc.a(_lshrdi3.o)
 .comment       0x00000000       0x3d /opt/microchip/xc32/v2.05/bin/bin/../../lib/gcc/pic32mx/4.8.3/libgcc.a(_ashldi3.o)
 .comment       0x00000000       0x3d /opt/microchip/xc32/v2.05/bin/bin/../../lib/gcc/pic32mx/4.8.3/libgcc.a(_divdi3.o)
 .comment       0x00000000       0x3d /opt/microchip/xc32/v2.05/bin/bin/../../lib/gcc/pic32mx/4.8.3/libgcc.a(_udivdi3.o)
 .comment       0x00000000       0x3d /opt/microchip/xc32/v2.05/bin/bin/../../lib/gcc/pic32mx/4.8.3/libgcc.a(_umoddi3.o)
 .comment       0x00000b85       0x4b /opt/microchip/xc32/v2.05/bin/bin/../../lib/gcc/pic32mx/4.8.3/../../../../pic32mx/lib/libpic32.a(sbrk.o)
                                 0x88 (size before relaxing)
 .comment       0x00000000       0x3d /opt/microchip/xc32/v2.05/bin/bin/../../lib/gcc/pic32mx/4.8.3/../../../../pic32mx/lib/libpic32.a(_exit.o)
 .comment       0x00000bd0       0x4e /opt/microchip/xc32/v2.05/bin/bin/../../lib/gcc/pic32mx/4.8.3/../../../../pic32mx/lib/libpic32.a(isatty.o)
                                 0x8b (size before relaxing)
 .comment       0x00000000       0x3d /opt/microchip/xc32/v2.05/bin/bin/../../lib/gcc/pic32mx/4.8.3/../../../../pic32mx/lib/libpic32.a(_mon_getc.o)
 .comment       0x00000000       0x3d /opt/microchip/xc32/v2.05/bin/bin/../../lib/gcc/pic32mx/4.8.3/../../../../pic32mx/lib/libpic32.a(_mon_write.o)
 .comment       0x00000000       0x3d /opt/microchip/xc32/v2.05/bin/bin/../../lib/gcc/pic32mx/4.8.3/../../../../pic32mx/lib/libpic32.a(xc32_uart.o)
 .comment       0x00000000       0x3d /opt/microchip/xc32/v2.05/bin/bin/../../lib/gcc/pic32mx/4.8.3/../../../../pic32mx/lib/libpic32.a(_mon_putc.o)

.debug
 *(.debug)

.line
 *(.line)

.debug_srcinfo
 *(.debug_srcinfo)

.debug_sfnames
 *(.debug_sfnames)

.debug_aranges  0x00000000      0x6b8
 *(.debug_aranges)
 .debug_aranges
                0x00000000       0x20 /opt/microchip/xc32/v2.05/bin/bin/../../lib/gcc/pic32mx/4.8.3/../../../../pic32mx/lib/software-debug-break.o
 .debug_aranges
                0x00000020       0x20 build/default/debug/src/basic/tokenizer.o
 .debug_aranges
                0x00000040       0x20 build/default/debug/src/basic/ubasic.o
 .debug_aranges
                0x00000060       0x20 build/default/debug/src/Z80/hwz.o
 .debug_aranges
                0x00000080       0x20 build/default/debug/src/Z80/iosim.o
 .debug_aranges
                0x000000a0       0x20 build/default/debug/src/Z80/sim1.o
 .debug_aranges
                0x000000c0       0x20 build/default/debug/src/Z80/sim2.o
 .debug_aranges
                0x000000e0       0x20 build/default/debug/src/Z80/sim3.o
 .debug_aranges
                0x00000100       0x20 build/default/debug/src/Z80/sim4.o
 .debug_aranges
                0x00000120       0x20 build/default/debug/src/Z80/sim5.o
 .debug_aranges
                0x00000140       0x20 build/default/debug/src/Z80/sim6.o
 .debug_aranges
                0x00000160       0x20 build/default/debug/src/Z80/sim7.o
 .debug_aranges
                0x00000180       0x20 build/default/debug/src/Z80/simfun.o
 .debug_aranges
                0x000001a0       0x18 build/default/debug/src/Z80/simglb.o
 .debug_aranges
                0x000001b8       0x20 build/default/debug/src/disp.o
 .debug_aranges
                0x000001d8       0x20 build/default/debug/src/hw.o
 .debug_aranges
                0x000001f8       0x18 build/default/debug/src/images.o
 .debug_aranges
                0x00000210       0x20 build/default/debug/src/vt100.o
 .debug_aranges
                0x00000230       0x20 build/default/debug/src/main.o
 .debug_aranges
                0x00000250       0x20 build/default/debug/src/splash.o
 .debug_aranges
                0x00000270       0x20 build/default/debug/src/tetrapuzz.o
 .debug_aranges
                0x00000290       0x20 build/default/debug/src/box_game.o
 .debug_aranges
                0x000002b0       0x20 build/default/debug/src/tune_player.o
 .debug_aranges
                0x000002d0       0x20 build/default/debug/src/post.o
 .debug_aranges
                0x000002f0       0x20 build/default/debug/src/snake.o
 .debug_aranges
                0x00000310       0x20 build/default/debug/src/user_program.o
 .debug_aranges
                0x00000330       0x20 build/default/debug/src/badge.o
 .debug_aranges
                0x00000350       0x28 /opt/microchip/xc32/v2.05/bin/bin/../../lib/gcc/pic32mx/4.8.3/../../../../pic32mx/lib/libmchp_peripheral_32MX370F512H.a(pcache.o)
 .debug_aranges
                0x00000378       0x20 /opt/microchip/xc32/v2.05/bin/bin/../../lib/gcc/pic32mx/4.8.3/../../../../pic32mx/lib/libmchp_peripheral_32MX370F512H.a(int_disable_interrupts_lib.o)
 .debug_aranges
                0x00000398       0x20 /opt/microchip/xc32/v2.05/bin/bin/../../lib/gcc/pic32mx/4.8.3/../../../../pic32mx/lib/libmchp_peripheral_32MX370F512H.a(int_restore_interrupts_lib.o)
 .debug_aranges
                0x000003b8       0x20 /opt/microchip/xc32/v2.05/bin/bin/../../lib/gcc/pic32mx/4.8.3/../../../../pic32mx/lib/libmchp_peripheral_32MX370F512H.a(int_enable_mv_int_lib.o)
 .debug_aranges
                0x000003d8       0x20 /opt/microchip/xc32/v2.05/bin/bin/../../lib/gcc/pic32mx/4.8.3/../../../../pic32mx/lib/libmchp_peripheral_32MX370F512H.a(int_enable_interrupts_lib.o)
 .debug_aranges
                0x000003f8       0x20 /opt/microchip/xc32/v2.05/bin/bin/../../lib/gcc/pic32mx/4.8.3/../../../../pic32mx/lib/libpic32.a(setjmp.o)
 .debug_aranges
                0x00000418       0x20 /opt/microchip/xc32/v2.05/bin/bin/../../lib/gcc/pic32mx/4.8.3/../../../../pic32mx/lib/libpic32.a(default-bootstrap-exception-handler.o)
 .debug_aranges
                0x00000438       0x20 /opt/microchip/xc32/v2.05/bin/bin/../../lib/gcc/pic32mx/4.8.3/../../../../pic32mx/lib/libpic32.a(default-on-reset.o)
 .debug_aranges
                0x00000458       0x20 /opt/microchip/xc32/v2.05/bin/bin/../../lib/gcc/pic32mx/4.8.3/../../../../pic32mx/lib/libpic32.a(default-on-bootstrap.o)
 .debug_aranges
                0x00000478       0x20 /opt/microchip/xc32/v2.05/bin/bin/../../lib/gcc/pic32mx/4.8.3/../../../../pic32mx/lib/libpic32.a(default-general-exception-handler.o)
 .debug_aranges
                0x00000498       0x20 /opt/microchip/xc32/v2.05/bin/bin/../../lib/gcc/pic32mx/4.8.3/../../../../pic32mx/lib/libpic32.a(defaultinterrupt.o)
 .debug_aranges
                0x000004b8       0x20 /opt/microchip/xc32/v2.05/bin/bin/../../lib/gcc/pic32mx/4.8.3/../../../../pic32mx/lib/libm.a(__strtod.o)
 .debug_aranges
                0x000004d8       0x20 /opt/microchip/xc32/v2.05/bin/bin/../../lib/gcc/pic32mx/4.8.3/../../../../pic32mx/lib/libm.a(__strtof.o)
 .debug_aranges
                0x000004f8       0x20 /opt/microchip/xc32/v2.05/bin/bin/../../lib/gcc/pic32mx/4.8.3/../../../../pic32mx/lib/libe.a(_ldexp.o)
 .debug_aranges
                0x00000518       0x20 /opt/microchip/xc32/v2.05/bin/bin/../../lib/gcc/pic32mx/4.8.3/../../../../pic32mx/lib/libe.a(_ldexpf.o)
 .debug_aranges
                0x00000538       0x20 /opt/microchip/xc32/v2.05/bin/bin/../../lib/gcc/pic32mx/4.8.3/libgcc.a(_lshrdi3.o)
 .debug_aranges
                0x00000558       0x20 /opt/microchip/xc32/v2.05/bin/bin/../../lib/gcc/pic32mx/4.8.3/libgcc.a(_ashldi3.o)
 .debug_aranges
                0x00000578       0x20 /opt/microchip/xc32/v2.05/bin/bin/../../lib/gcc/pic32mx/4.8.3/libgcc.a(_divdi3.o)
 .debug_aranges
                0x00000598       0x20 /opt/microchip/xc32/v2.05/bin/bin/../../lib/gcc/pic32mx/4.8.3/libgcc.a(_udivdi3.o)
 .debug_aranges
                0x000005b8       0x20 /opt/microchip/xc32/v2.05/bin/bin/../../lib/gcc/pic32mx/4.8.3/libgcc.a(_umoddi3.o)
 .debug_aranges
                0x000005d8       0x40 /opt/microchip/xc32/v2.05/bin/bin/../../lib/gcc/pic32mx/4.8.3/../../../../pic32mx/lib/libpic32.a(sbrk.o)
 .debug_aranges
                0x00000618       0x20 /opt/microchip/xc32/v2.05/bin/bin/../../lib/gcc/pic32mx/4.8.3/../../../../pic32mx/lib/libpic32.a(_exit.o)
 .debug_aranges
                0x00000638       0x20 /opt/microchip/xc32/v2.05/bin/bin/../../lib/gcc/pic32mx/4.8.3/../../../../pic32mx/lib/libpic32.a(isatty.o)
 .debug_aranges
                0x00000658       0x20 /opt/microchip/xc32/v2.05/bin/bin/../../lib/gcc/pic32mx/4.8.3/../../../../pic32mx/lib/libpic32.a(_mon_getc.o)
 .debug_aranges
                0x00000678       0x20 /opt/microchip/xc32/v2.05/bin/bin/../../lib/gcc/pic32mx/4.8.3/../../../../pic32mx/lib/libpic32.a(_mon_write.o)
 .debug_aranges
                0x00000698       0x20 /opt/microchip/xc32/v2.05/bin/bin/../../lib/gcc/pic32mx/4.8.3/../../../../pic32mx/lib/libpic32.a(_mon_putc.o)

.debug_pubnames
 *(.debug_pubnames)

.debug_info     0x00000000    0x31029
 *(.debug_info .gnu.linkonce.wi.*)
 .debug_info    0x00000000       0xe2 /opt/microchip/xc32/v2.05/bin/bin/../../lib/gcc/pic32mx/4.8.3/../../../../pic32mx/lib/software-debug-break.o
 .debug_info    0x000000e2      0xa09 build/default/debug/src/basic/tokenizer.o
 .debug_info    0x00000aeb     0x2812 build/default/debug/src/basic/ubasic.o
 .debug_info    0x000032fd     0x1d31 build/default/debug/src/Z80/hwz.o
 .debug_info    0x0000502e     0x117d build/default/debug/src/Z80/iosim.o
 .debug_info    0x000061ab     0x4810 build/default/debug/src/Z80/sim1.o
 .debug_info    0x0000a9bb     0x42f4 build/default/debug/src/Z80/sim2.o
 .debug_info    0x0000ecaf     0x1776 build/default/debug/src/Z80/sim3.o
 .debug_info    0x00010425     0x2049 build/default/debug/src/Z80/sim4.o
 .debug_info    0x0001246e     0x1776 build/default/debug/src/Z80/sim5.o
 .debug_info    0x00013be4     0x1814 build/default/debug/src/Z80/sim6.o
 .debug_info    0x000153f8     0x1814 build/default/debug/src/Z80/sim7.o
 .debug_info    0x00016c0c      0xe57 build/default/debug/src/Z80/simfun.o
 .debug_info    0x00017a63     0x102a build/default/debug/src/Z80/simglb.o
 .debug_info    0x00018a8d     0x3036 build/default/debug/src/disp.o
 .debug_info    0x0001bac3     0x4943 build/default/debug/src/hw.o
 .debug_info    0x00020406      0x208 build/default/debug/src/images.o
 .debug_info    0x0002060e     0x1996 build/default/debug/src/vt100.o
 .debug_info    0x00021fa4      0x682 build/default/debug/src/main.o
 .debug_info    0x00022626      0x89b build/default/debug/src/splash.o
 .debug_info    0x00022ec1      0x521 build/default/debug/src/tetrapuzz.o
 .debug_info    0x000233e2     0x19e0 build/default/debug/src/box_game.o
 .debug_info    0x00024dc2      0x614 build/default/debug/src/tune_player.o
 .debug_info    0x000253d6     0x2652 build/default/debug/src/post.o
 .debug_info    0x00027a28      0xc4a build/default/debug/src/snake.o
 .debug_info    0x00028672      0x7d0 build/default/debug/src/user_program.o
 .debug_info    0x00028e42     0x53b3 build/default/debug/src/badge.o
 .debug_info    0x0002e1f5       0xbe /opt/microchip/xc32/v2.05/bin/bin/../../lib/gcc/pic32mx/4.8.3/../../../../pic32mx/lib/libmchp_peripheral_32MX370F512H.a(pcache.o)
 .debug_info    0x0002e2b3       0xb4 /opt/microchip/xc32/v2.05/bin/bin/../../lib/gcc/pic32mx/4.8.3/../../../../pic32mx/lib/libmchp_peripheral_32MX370F512H.a(int_disable_interrupts_lib.o)
 .debug_info    0x0002e367       0xb4 /opt/microchip/xc32/v2.05/bin/bin/../../lib/gcc/pic32mx/4.8.3/../../../../pic32mx/lib/libmchp_peripheral_32MX370F512H.a(int_restore_interrupts_lib.o)
 .debug_info    0x0002e41b       0xba /opt/microchip/xc32/v2.05/bin/bin/../../lib/gcc/pic32mx/4.8.3/../../../../pic32mx/lib/libmchp_peripheral_32MX370F512H.a(int_enable_mv_int_lib.o)
 .debug_info    0x0002e4d5       0xb2 /opt/microchip/xc32/v2.05/bin/bin/../../lib/gcc/pic32mx/4.8.3/../../../../pic32mx/lib/libmchp_peripheral_32MX370F512H.a(int_enable_interrupts_lib.o)
 .debug_info    0x0002e587       0xf2 /opt/microchip/xc32/v2.05/bin/bin/../../lib/gcc/pic32mx/4.8.3/../../../../pic32mx/lib/libpic32.a(setjmp.o)
 .debug_info    0x0002e679       0xf3 /opt/microchip/xc32/v2.05/bin/bin/../../lib/gcc/pic32mx/4.8.3/../../../../pic32mx/lib/libpic32.a(default-bootstrap-exception-handler.o)
 .debug_info    0x0002e76c       0xcc /opt/microchip/xc32/v2.05/bin/bin/../../lib/gcc/pic32mx/4.8.3/../../../../pic32mx/lib/libpic32.a(default-on-reset.o)
 .debug_info    0x0002e838       0xd4 /opt/microchip/xc32/v2.05/bin/bin/../../lib/gcc/pic32mx/4.8.3/../../../../pic32mx/lib/libpic32.a(default-on-bootstrap.o)
 .debug_info    0x0002e90c       0xef /opt/microchip/xc32/v2.05/bin/bin/../../lib/gcc/pic32mx/4.8.3/../../../../pic32mx/lib/libpic32.a(default-general-exception-handler.o)
 .debug_info    0x0002e9fb       0xe6 /opt/microchip/xc32/v2.05/bin/bin/../../lib/gcc/pic32mx/4.8.3/../../../../pic32mx/lib/libpic32.a(defaultinterrupt.o)
 .debug_info    0x0002eae1       0xd7 /opt/microchip/xc32/v2.05/bin/bin/../../lib/gcc/pic32mx/4.8.3/../../../../pic32mx/lib/libm.a(__strtod.o)
 .debug_info    0x0002ebb8       0xd7 /opt/microchip/xc32/v2.05/bin/bin/../../lib/gcc/pic32mx/4.8.3/../../../../pic32mx/lib/libm.a(__strtof.o)
 .debug_info    0x0002ec8f       0xd8 /opt/microchip/xc32/v2.05/bin/bin/../../lib/gcc/pic32mx/4.8.3/../../../../pic32mx/lib/libe.a(_ldexp.o)
 .debug_info    0x0002ed67       0xd8 /opt/microchip/xc32/v2.05/bin/bin/../../lib/gcc/pic32mx/4.8.3/../../../../pic32mx/lib/libe.a(_ldexpf.o)
 .debug_info    0x0002ee3f      0x325 /opt/microchip/xc32/v2.05/bin/bin/../../lib/gcc/pic32mx/4.8.3/libgcc.a(_lshrdi3.o)
 .debug_info    0x0002f164      0x328 /opt/microchip/xc32/v2.05/bin/bin/../../lib/gcc/pic32mx/4.8.3/libgcc.a(_ashldi3.o)
 .debug_info    0x0002f48c      0x798 /opt/microchip/xc32/v2.05/bin/bin/../../lib/gcc/pic32mx/4.8.3/libgcc.a(_divdi3.o)
 .debug_info    0x0002fc24      0x764 /opt/microchip/xc32/v2.05/bin/bin/../../lib/gcc/pic32mx/4.8.3/libgcc.a(_udivdi3.o)
 .debug_info    0x00030388      0x7a1 /opt/microchip/xc32/v2.05/bin/bin/../../lib/gcc/pic32mx/4.8.3/libgcc.a(_umoddi3.o)
 .debug_info    0x00030b29      0x130 /opt/microchip/xc32/v2.05/bin/bin/../../lib/gcc/pic32mx/4.8.3/../../../../pic32mx/lib/libpic32.a(sbrk.o)
 .debug_info    0x00030c59       0xbd /opt/microchip/xc32/v2.05/bin/bin/../../lib/gcc/pic32mx/4.8.3/../../../../pic32mx/lib/libpic32.a(_exit.o)
 .debug_info    0x00030d16       0xbf /opt/microchip/xc32/v2.05/bin/bin/../../lib/gcc/pic32mx/4.8.3/../../../../pic32mx/lib/libpic32.a(isatty.o)
 .debug_info    0x00030dd5       0xc6 /opt/microchip/xc32/v2.05/bin/bin/../../lib/gcc/pic32mx/4.8.3/../../../../pic32mx/lib/libpic32.a(_mon_getc.o)
 .debug_info    0x00030e9b       0xc8 /opt/microchip/xc32/v2.05/bin/bin/../../lib/gcc/pic32mx/4.8.3/../../../../pic32mx/lib/libpic32.a(_mon_write.o)
 .debug_info    0x00030f63       0xc6 /opt/microchip/xc32/v2.05/bin/bin/../../lib/gcc/pic32mx/4.8.3/../../../../pic32mx/lib/libpic32.a(_mon_putc.o)

.debug_abbrev   0x00000000     0x441a
 *(.debug_abbrev)
 .debug_abbrev  0x00000000       0x28 /opt/microchip/xc32/v2.05/bin/bin/../../lib/gcc/pic32mx/4.8.3/../../../../pic32mx/lib/software-debug-break.o
 .debug_abbrev  0x00000028      0x203 build/default/debug/src/basic/tokenizer.o
 .debug_abbrev  0x0000022b      0x399 build/default/debug/src/basic/ubasic.o
 .debug_abbrev  0x000005c4      0x308 build/default/debug/src/Z80/hwz.o
 .debug_abbrev  0x000008cc      0x275 build/default/debug/src/Z80/iosim.o
 .debug_abbrev  0x00000b41      0x261 build/default/debug/src/Z80/sim1.o
 .debug_abbrev  0x00000da2      0x1fc build/default/debug/src/Z80/sim2.o
 .debug_abbrev  0x00000f9e      0x1fc build/default/debug/src/Z80/sim3.o
 .debug_abbrev  0x0000119a      0x277 build/default/debug/src/Z80/sim4.o
 .debug_abbrev  0x00001411      0x1fc build/default/debug/src/Z80/sim5.o
 .debug_abbrev  0x0000160d      0x1e8 build/default/debug/src/Z80/sim6.o
 .debug_abbrev  0x000017f5      0x1e8 build/default/debug/src/Z80/sim7.o
 .debug_abbrev  0x000019dd      0x191 build/default/debug/src/Z80/simfun.o
 .debug_abbrev  0x00001b6e      0x13b build/default/debug/src/Z80/simglb.o
 .debug_abbrev  0x00001ca9      0x28c build/default/debug/src/disp.o
 .debug_abbrev  0x00001f35      0x50e build/default/debug/src/hw.o
 .debug_abbrev  0x00002443       0x68 build/default/debug/src/images.o
 .debug_abbrev  0x000024ab      0x44a build/default/debug/src/vt100.o
 .debug_abbrev  0x000028f5      0x125 build/default/debug/src/main.o
 .debug_abbrev  0x00002a1a      0x17b build/default/debug/src/splash.o
 .debug_abbrev  0x00002b95      0x13a build/default/debug/src/tetrapuzz.o
 .debug_abbrev  0x00002ccf      0x208 build/default/debug/src/box_game.o
 .debug_abbrev  0x00002ed7       0xe9 build/default/debug/src/tune_player.o
 .debug_abbrev  0x00002fc0      0x238 build/default/debug/src/post.o
 .debug_abbrev  0x000031f8      0x311 build/default/debug/src/snake.o
 .debug_abbrev  0x00003509      0x14b build/default/debug/src/user_program.o
 .debug_abbrev  0x00003654      0x4d6 build/default/debug/src/badge.o
 .debug_abbrev  0x00003b2a       0x28 /opt/microchip/xc32/v2.05/bin/bin/../../lib/gcc/pic32mx/4.8.3/../../../../pic32mx/lib/libmchp_peripheral_32MX370F512H.a(pcache.o)
 .debug_abbrev  0x00003b52       0x28 /opt/microchip/xc32/v2.05/bin/bin/../../lib/gcc/pic32mx/4.8.3/../../../../pic32mx/lib/libmchp_peripheral_32MX370F512H.a(int_disable_interrupts_lib.o)
 .debug_abbrev  0x00003b7a       0x28 /opt/microchip/xc32/v2.05/bin/bin/../../lib/gcc/pic32mx/4.8.3/../../../../pic32mx/lib/libmchp_peripheral_32MX370F512H.a(int_restore_interrupts_lib.o)
 .debug_abbrev  0x00003ba2       0x28 /opt/microchip/xc32/v2.05/bin/bin/../../lib/gcc/pic32mx/4.8.3/../../../../pic32mx/lib/libmchp_peripheral_32MX370F512H.a(int_enable_mv_int_lib.o)
 .debug_abbrev  0x00003bca       0x28 /opt/microchip/xc32/v2.05/bin/bin/../../lib/gcc/pic32mx/4.8.3/../../../../pic32mx/lib/libmchp_peripheral_32MX370F512H.a(int_enable_interrupts_lib.o)
 .debug_abbrev  0x00003bf2       0x14 /opt/microchip/xc32/v2.05/bin/bin/../../lib/gcc/pic32mx/4.8.3/../../../../pic32mx/lib/libpic32.a(setjmp.o)
 .debug_abbrev  0x00003c06       0x28 /opt/microchip/xc32/v2.05/bin/bin/../../lib/gcc/pic32mx/4.8.3/../../../../pic32mx/lib/libpic32.a(default-bootstrap-exception-handler.o)
 .debug_abbrev  0x00003c2e       0x28 /opt/microchip/xc32/v2.05/bin/bin/../../lib/gcc/pic32mx/4.8.3/../../../../pic32mx/lib/libpic32.a(default-on-reset.o)
 .debug_abbrev  0x00003c56       0x28 /opt/microchip/xc32/v2.05/bin/bin/../../lib/gcc/pic32mx/4.8.3/../../../../pic32mx/lib/libpic32.a(default-on-bootstrap.o)
 .debug_abbrev  0x00003c7e       0x28 /opt/microchip/xc32/v2.05/bin/bin/../../lib/gcc/pic32mx/4.8.3/../../../../pic32mx/lib/libpic32.a(default-general-exception-handler.o)
 .debug_abbrev  0x00003ca6       0x28 /opt/microchip/xc32/v2.05/bin/bin/../../lib/gcc/pic32mx/4.8.3/../../../../pic32mx/lib/libpic32.a(defaultinterrupt.o)
 .debug_abbrev  0x00003cce       0x35 /opt/microchip/xc32/v2.05/bin/bin/../../lib/gcc/pic32mx/4.8.3/../../../../pic32mx/lib/libm.a(__strtod.o)
 .debug_abbrev  0x00003d03       0x35 /opt/microchip/xc32/v2.05/bin/bin/../../lib/gcc/pic32mx/4.8.3/../../../../pic32mx/lib/libm.a(__strtof.o)
 .debug_abbrev  0x00003d38       0x35 /opt/microchip/xc32/v2.05/bin/bin/../../lib/gcc/pic32mx/4.8.3/../../../../pic32mx/lib/libe.a(_ldexp.o)
 .debug_abbrev  0x00003d6d       0x35 /opt/microchip/xc32/v2.05/bin/bin/../../lib/gcc/pic32mx/4.8.3/../../../../pic32mx/lib/libe.a(_ldexpf.o)
 .debug_abbrev  0x00003da2       0xd7 /opt/microchip/xc32/v2.05/bin/bin/../../lib/gcc/pic32mx/4.8.3/libgcc.a(_lshrdi3.o)
 .debug_abbrev  0x00003e79       0xc8 /opt/microchip/xc32/v2.05/bin/bin/../../lib/gcc/pic32mx/4.8.3/libgcc.a(_ashldi3.o)
 .debug_abbrev  0x00003f41      0x13e /opt/microchip/xc32/v2.05/bin/bin/../../lib/gcc/pic32mx/4.8.3/libgcc.a(_divdi3.o)
 .debug_abbrev  0x0000407f      0x138 /opt/microchip/xc32/v2.05/bin/bin/../../lib/gcc/pic32mx/4.8.3/libgcc.a(_udivdi3.o)
 .debug_abbrev  0x000041b7      0x147 /opt/microchip/xc32/v2.05/bin/bin/../../lib/gcc/pic32mx/4.8.3/libgcc.a(_umoddi3.o)
 .debug_abbrev  0x000042fe       0x54 /opt/microchip/xc32/v2.05/bin/bin/../../lib/gcc/pic32mx/4.8.3/../../../../pic32mx/lib/libpic32.a(sbrk.o)
 .debug_abbrev  0x00004352       0x28 /opt/microchip/xc32/v2.05/bin/bin/../../lib/gcc/pic32mx/4.8.3/../../../../pic32mx/lib/libpic32.a(_exit.o)
 .debug_abbrev  0x0000437a       0x28 /opt/microchip/xc32/v2.05/bin/bin/../../lib/gcc/pic32mx/4.8.3/../../../../pic32mx/lib/libpic32.a(isatty.o)
 .debug_abbrev  0x000043a2       0x28 /opt/microchip/xc32/v2.05/bin/bin/../../lib/gcc/pic32mx/4.8.3/../../../../pic32mx/lib/libpic32.a(_mon_getc.o)
 .debug_abbrev  0x000043ca       0x28 /opt/microchip/xc32/v2.05/bin/bin/../../lib/gcc/pic32mx/4.8.3/../../../../pic32mx/lib/libpic32.a(_mon_write.o)
 .debug_abbrev  0x000043f2       0x28 /opt/microchip/xc32/v2.05/bin/bin/../../lib/gcc/pic32mx/4.8.3/../../../../pic32mx/lib/libpic32.a(_mon_putc.o)

.debug_line     0x00000000     0x704d
 *(.debug_line)
 .debug_line    0x00000000       0x98 /opt/microchip/xc32/v2.05/bin/bin/../../lib/gcc/pic32mx/4.8.3/../../../../pic32mx/lib/software-debug-break.o
 .debug_line    0x00000098      0x18e build/default/debug/src/basic/tokenizer.o
 .debug_line    0x00000226      0x4d8 build/default/debug/src/basic/ubasic.o
 .debug_line    0x000006fe      0x324 build/default/debug/src/Z80/hwz.o
 .debug_line    0x00000a22      0x26a build/default/debug/src/Z80/iosim.o
 .debug_line    0x00000c8c      0xb86 build/default/debug/src/Z80/sim1.o
 .debug_line    0x00001812      0x8db build/default/debug/src/Z80/sim2.o
 .debug_line    0x000020ed      0x328 build/default/debug/src/Z80/sim3.o
 .debug_line    0x00002415      0x529 build/default/debug/src/Z80/sim4.o
 .debug_line    0x0000293e      0x328 build/default/debug/src/Z80/sim5.o
 .debug_line    0x00002c66      0x2bd build/default/debug/src/Z80/sim6.o
 .debug_line    0x00002f23      0x2bd build/default/debug/src/Z80/sim7.o
 .debug_line    0x000031e0      0x1c1 build/default/debug/src/Z80/simfun.o
 .debug_line    0x000033a1      0x193 build/default/debug/src/Z80/simglb.o
 .debug_line    0x00003534      0xadb build/default/debug/src/disp.o
 .debug_line    0x0000400f      0x4af build/default/debug/src/hw.o
 .debug_line    0x000044be       0x79 build/default/debug/src/images.o
 .debug_line    0x00004537      0x4d8 build/default/debug/src/vt100.o
 .debug_line    0x00004a0f      0x146 build/default/debug/src/main.o
 .debug_line    0x00004b55      0x193 build/default/debug/src/splash.o
 .debug_line    0x00004ce8      0x119 build/default/debug/src/tetrapuzz.o
 .debug_line    0x00004e01      0x310 build/default/debug/src/box_game.o
 .debug_line    0x00005111       0xe6 build/default/debug/src/tune_player.o
 .debug_line    0x000051f7      0x357 build/default/debug/src/post.o
 .debug_line    0x0000554e      0x29c build/default/debug/src/snake.o
 .debug_line    0x000057ea      0x16a build/default/debug/src/user_program.o
 .debug_line    0x00005954      0x73f build/default/debug/src/badge.o
 .debug_line    0x00006093       0x5f /opt/microchip/xc32/v2.05/bin/bin/../../lib/gcc/pic32mx/4.8.3/../../../../pic32mx/lib/libmchp_peripheral_32MX370F512H.a(pcache.o)
 .debug_line    0x000060f2       0x70 /opt/microchip/xc32/v2.05/bin/bin/../../lib/gcc/pic32mx/4.8.3/../../../../pic32mx/lib/libmchp_peripheral_32MX370F512H.a(int_disable_interrupts_lib.o)
 .debug_line    0x00006162       0x70 /opt/microchip/xc32/v2.05/bin/bin/../../lib/gcc/pic32mx/4.8.3/../../../../pic32mx/lib/libmchp_peripheral_32MX370F512H.a(int_restore_interrupts_lib.o)
 .debug_line    0x000061d2       0x6b /opt/microchip/xc32/v2.05/bin/bin/../../lib/gcc/pic32mx/4.8.3/../../../../pic32mx/lib/libmchp_peripheral_32MX370F512H.a(int_enable_mv_int_lib.o)
 .debug_line    0x0000623d       0x6f /opt/microchip/xc32/v2.05/bin/bin/../../lib/gcc/pic32mx/4.8.3/../../../../pic32mx/lib/libmchp_peripheral_32MX370F512H.a(int_enable_interrupts_lib.o)
 .debug_line    0x000062ac       0xa9 /opt/microchip/xc32/v2.05/bin/bin/../../lib/gcc/pic32mx/4.8.3/../../../../pic32mx/lib/libpic32.a(setjmp.o)
 .debug_line    0x00006355       0xa5 /opt/microchip/xc32/v2.05/bin/bin/../../lib/gcc/pic32mx/4.8.3/../../../../pic32mx/lib/libpic32.a(default-bootstrap-exception-handler.o)
 .debug_line    0x000063fa       0x92 /opt/microchip/xc32/v2.05/bin/bin/../../lib/gcc/pic32mx/4.8.3/../../../../pic32mx/lib/libpic32.a(default-on-reset.o)
 .debug_line    0x0000648c       0x96 /opt/microchip/xc32/v2.05/bin/bin/../../lib/gcc/pic32mx/4.8.3/../../../../pic32mx/lib/libpic32.a(default-on-bootstrap.o)
 .debug_line    0x00006522       0xa3 /opt/microchip/xc32/v2.05/bin/bin/../../lib/gcc/pic32mx/4.8.3/../../../../pic32mx/lib/libpic32.a(default-general-exception-handler.o)
 .debug_line    0x000065c5       0xa4 /opt/microchip/xc32/v2.05/bin/bin/../../lib/gcc/pic32mx/4.8.3/../../../../pic32mx/lib/libpic32.a(defaultinterrupt.o)
 .debug_line    0x00006669       0x87 /opt/microchip/xc32/v2.05/bin/bin/../../lib/gcc/pic32mx/4.8.3/../../../../pic32mx/lib/libm.a(__strtod.o)
 .debug_line    0x000066f0       0x87 /opt/microchip/xc32/v2.05/bin/bin/../../lib/gcc/pic32mx/4.8.3/../../../../pic32mx/lib/libm.a(__strtof.o)
 .debug_line    0x00006777       0xa1 /opt/microchip/xc32/v2.05/bin/bin/../../lib/gcc/pic32mx/4.8.3/../../../../pic32mx/lib/libe.a(_ldexp.o)
 .debug_line    0x00006818       0xa1 /opt/microchip/xc32/v2.05/bin/bin/../../lib/gcc/pic32mx/4.8.3/../../../../pic32mx/lib/libe.a(_ldexpf.o)
 .debug_line    0x000068b9       0xa9 /opt/microchip/xc32/v2.05/bin/bin/../../lib/gcc/pic32mx/4.8.3/libgcc.a(_lshrdi3.o)
 .debug_line    0x00006962       0xa9 /opt/microchip/xc32/v2.05/bin/bin/../../lib/gcc/pic32mx/4.8.3/libgcc.a(_ashldi3.o)
 .debug_line    0x00006a0b      0x103 /opt/microchip/xc32/v2.05/bin/bin/../../lib/gcc/pic32mx/4.8.3/libgcc.a(_divdi3.o)
 .debug_line    0x00006b0e       0xfb /opt/microchip/xc32/v2.05/bin/bin/../../lib/gcc/pic32mx/4.8.3/libgcc.a(_udivdi3.o)
 .debug_line    0x00006c09      0x10d /opt/microchip/xc32/v2.05/bin/bin/../../lib/gcc/pic32mx/4.8.3/libgcc.a(_umoddi3.o)
 .debug_line    0x00006d16       0x86 /opt/microchip/xc32/v2.05/bin/bin/../../lib/gcc/pic32mx/4.8.3/../../../../pic32mx/lib/libpic32.a(sbrk.o)